
Optional file libmchp_peripheral.a not found

Optional file libmchp_peripheral_32MX250F128B.a not found
Archive member included because of file (symbol)

e:/software/pic32/bin/bin/../../lib/gcc/pic32mx/4.8.3/../../../../pic32mx/lib\libpic32.a(memcpy.o)
                              build/default/production/_ext/1756207072/usb_device.o (memcpy)
e:/software/pic32/bin/bin/../../lib/gcc/pic32mx/4.8.3/../../../../pic32mx/lib\libpic32.a(default-bootstrap-exception-handler.o)
                              e:/software/pic32/bin/bin/../../lib/gcc/pic32mx/4.8.3/../../../../pic32mx/lib/./proc/32MX250F128B/crt0_mips32r2.o (_bootstrap_exception_handler)
e:/software/pic32/bin/bin/../../lib/gcc/pic32mx/4.8.3/../../../../pic32mx/lib\libpic32.a(default-on-reset.o)
                              e:/software/pic32/bin/bin/../../lib/gcc/pic32mx/4.8.3/../../../../pic32mx/lib/./proc/32MX250F128B/crt0_mips32r2.o (_on_reset)
e:/software/pic32/bin/bin/../../lib/gcc/pic32mx/4.8.3/../../../../pic32mx/lib\libpic32.a(default-on-bootstrap.o)
                              e:/software/pic32/bin/bin/../../lib/gcc/pic32mx/4.8.3/../../../../pic32mx/lib/./proc/32MX250F128B/crt0_mips32r2.o (_on_bootstrap)
e:/software/pic32/bin/bin/../../lib/gcc/pic32mx/4.8.3/../../../../pic32mx/lib\libpic32.a(default-nmi-handler.o)
                              e:/software/pic32/bin/bin/../../lib/gcc/pic32mx/4.8.3/../../../../pic32mx/lib/./proc/32MX250F128B/crt0_mips32r2.o (_nmi_handler)
e:/software/pic32/bin/bin/../../lib/gcc/pic32mx/4.8.3/../../../../pic32mx/lib\libpic32.a(general-exception.o)
                              e:/software/pic32/bin/bin/../../lib/gcc/pic32mx/4.8.3/../../../../pic32mx/lib/./proc/32MX250F128B/crt0_mips32r2.o (_general_exception_context)
e:/software/pic32/bin/bin/../../lib/gcc/pic32mx/4.8.3/../../../../pic32mx/lib\libpic32.a(vector0.o)
                              e:/software/pic32/bin/bin/../../lib/gcc/pic32mx/4.8.3/../../../../pic32mx/lib/./proc/32MX250F128B\default_isr_vectors.o (__vector_dispatch_0)
e:/software/pic32/bin/bin/../../lib/gcc/pic32mx/4.8.3/../../../../pic32mx/lib\libpic32.a(vector1.o)
                              e:/software/pic32/bin/bin/../../lib/gcc/pic32mx/4.8.3/../../../../pic32mx/lib/./proc/32MX250F128B\default_isr_vectors.o (__vector_dispatch_1)
e:/software/pic32/bin/bin/../../lib/gcc/pic32mx/4.8.3/../../../../pic32mx/lib\libpic32.a(vector2.o)
                              e:/software/pic32/bin/bin/../../lib/gcc/pic32mx/4.8.3/../../../../pic32mx/lib/./proc/32MX250F128B\default_isr_vectors.o (__vector_dispatch_2)
e:/software/pic32/bin/bin/../../lib/gcc/pic32mx/4.8.3/../../../../pic32mx/lib\libpic32.a(vector3.o)
                              e:/software/pic32/bin/bin/../../lib/gcc/pic32mx/4.8.3/../../../../pic32mx/lib/./proc/32MX250F128B\default_isr_vectors.o (__vector_dispatch_3)
e:/software/pic32/bin/bin/../../lib/gcc/pic32mx/4.8.3/../../../../pic32mx/lib\libpic32.a(vector4.o)
                              e:/software/pic32/bin/bin/../../lib/gcc/pic32mx/4.8.3/../../../../pic32mx/lib/./proc/32MX250F128B\default_isr_vectors.o (__vector_dispatch_4)
e:/software/pic32/bin/bin/../../lib/gcc/pic32mx/4.8.3/../../../../pic32mx/lib\libpic32.a(vector5.o)
                              e:/software/pic32/bin/bin/../../lib/gcc/pic32mx/4.8.3/../../../../pic32mx/lib/./proc/32MX250F128B\default_isr_vectors.o (__vector_dispatch_5)
e:/software/pic32/bin/bin/../../lib/gcc/pic32mx/4.8.3/../../../../pic32mx/lib\libpic32.a(vector6.o)
                              e:/software/pic32/bin/bin/../../lib/gcc/pic32mx/4.8.3/../../../../pic32mx/lib/./proc/32MX250F128B\default_isr_vectors.o (__vector_dispatch_6)
e:/software/pic32/bin/bin/../../lib/gcc/pic32mx/4.8.3/../../../../pic32mx/lib\libpic32.a(vector7.o)
                              e:/software/pic32/bin/bin/../../lib/gcc/pic32mx/4.8.3/../../../../pic32mx/lib/./proc/32MX250F128B\default_isr_vectors.o (__vector_dispatch_7)
e:/software/pic32/bin/bin/../../lib/gcc/pic32mx/4.8.3/../../../../pic32mx/lib\libpic32.a(vector8.o)
                              e:/software/pic32/bin/bin/../../lib/gcc/pic32mx/4.8.3/../../../../pic32mx/lib/./proc/32MX250F128B\default_isr_vectors.o (__vector_dispatch_8)
e:/software/pic32/bin/bin/../../lib/gcc/pic32mx/4.8.3/../../../../pic32mx/lib\libpic32.a(vector9.o)
                              e:/software/pic32/bin/bin/../../lib/gcc/pic32mx/4.8.3/../../../../pic32mx/lib/./proc/32MX250F128B\default_isr_vectors.o (__vector_dispatch_9)
e:/software/pic32/bin/bin/../../lib/gcc/pic32mx/4.8.3/../../../../pic32mx/lib\libpic32.a(vector10.o)
                              e:/software/pic32/bin/bin/../../lib/gcc/pic32mx/4.8.3/../../../../pic32mx/lib/./proc/32MX250F128B\default_isr_vectors.o (__vector_dispatch_10)
e:/software/pic32/bin/bin/../../lib/gcc/pic32mx/4.8.3/../../../../pic32mx/lib\libpic32.a(vector11.o)
[...]
Memory Configuration

Name             Origin             Length             Attributes
kseg0_program_mem 0x9d000000         0x0001f000         xr
exception_mem    0x9d01f000         0x00001000
debug_exec_mem   0x9fc00490         0x00000760
kseg0_boot_mem   0x9fc00490         0x00000000
kseg1_boot_mem   0xbfc00000         0x00000490
config3          0xbfc00bf0         0x00000004
config2          0xbfc00bf4         0x00000004
config1          0xbfc00bf8         0x00000004
config0          0xbfc00bfc         0x00000004
kseg1_data_mem   0xa0000000         0x00008000         w !x
sfrs             0xbf800000         0x00100000
configsfrs       0xbfc00bf0         0x00000010
*default*        0x00000000         0xffffffff

Linker script and memory map

LOAD e:/software/pic32/bin/bin/../../lib/gcc/pic32mx/4.8.3/../../../../pic32mx/lib/./proc/32MX250F128B/crt0_mips32r2.o
LOAD e:/software/pic32/bin/bin/../../lib/gcc/pic32mx/4.8.3/../../../../pic32mx/lib\debug-exception-return.o
LOAD build/default/production/_ext/639803181/sys_clk_pic32mx.o
LOAD build/default/production/_ext/340578644/sys_devcon.o
LOAD build/default/production/_ext/340578644/sys_devcon_pic32mx.o
LOAD build/default/production/_ext/822048611/sys_ports_static.o
LOAD build/default/production/_ext/1688732426/system_init.o
LOAD build/default/production/_ext/1688732426/system_interrupt.o
LOAD build/default/production/_ext/1688732426/system_exceptions.o
LOAD build/default/production/_ext/1688732426/system_tasks.o
LOAD build/default/production/_ext/1360937237/app.o
LOAD build/default/production/_ext/1360937237/main.o
LOAD build/default/production/_ext/1360937237/ST7735.o
LOAD build/default/production/_ext/1360937237/i2c_master_noint.o
LOAD build/default/production/_ext/1360937237/imc.o
LOAD build/default/production/_ext/708110637/drv_usbfs.o
LOAD build/default/production/_ext/708110637/drv_usbfs_device.o
LOAD build/default/production/_ext/191266835/sys_int_pic32.o
LOAD build/default/production/_ext/1756207072/usb_device.o
LOAD build/default/production/_ext/1756207072/usb_device_cdc.o
LOAD build/default/production/_ext/1756207072/usb_device_cdc_acm.o
LOAD ..\..\..\..\..\software\MPLAB Harmony\bin\framework\peripheral\PIC32MX250F128B_peripherals.a
                0x00000001                __MPLAB_BUILD = 0x1
                0x00000000                _min_heap_size = 0x0
LOAD e:/software/pic32/bin/bin/../../lib/gcc/pic32mx/4.8.3/../../../../pic32mx/lib/./proc/32MX250F128B\default_isr_vectors.o
LOAD e:/software/pic32/bin/bin/../../lib/gcc/pic32mx/4.8.3/../../../../pic32mx/lib\pic32_software_reset.o
                0x00000400                PROVIDE (_min_stack_size, 0x400)
LOAD e:/software/pic32/bin/bin/../../lib/gcc/pic32mx/4.8.3/../../../../pic32mx/lib/./proc/32MX250F128B\processor.o
START GROUP
LOAD libmchp_peripheral.a
END GROUP
START GROUP
LOAD libmchp_peripheral_32MX250F128B.a
END GROUP
                0x00000001                PROVIDE (_vector_spacing, 0x1)
                0x9d01f000                PROVIDE (_ebase_address, 0x9d01f000)
                0xbfc00000                _RESET_ADDR = 0xbfc00000
                0xbfc00380                _BEV_EXCPT_ADDR = 0xbfc00380
                0xbfc00480                _DBG_EXCPT_ADDR = 0xbfc00480
                0x9fc00490                _DBG_CODE_ADDR = 0x9fc00490
                0x00000760                _DBG_CODE_SIZE = 0x760
                0x9d01f180                _GEN_EXCPT_ADDR = (_ebase_address + 0x180)

.config_BFC00BF0
                0xbfc00bf0        0x4
 *(.config_BFC00BF0)
 .config_BFC00BF0
                0xbfc00bf0        0x4 build/default/production/_ext/1688732426/system_init.o

.config_BFC00BF4
                0xbfc00bf4        0x4
 *(.config_BFC00BF4)
 .config_BFC00BF4
                0xbfc00bf4        0x4 build/default/production/_ext/1688732426/system_init.o

.config_BFC00BF8
                0xbfc00bf8        0x4
 *(.config_BFC00BF8)
 .config_BFC00BF8
                0xbfc00bf8        0x4 build/default/production/_ext/1688732426/system_init.o

.config_BFC00BFC
                0xbfc00bfc        0x4
 *(.config_BFC00BFC)
 .config_BFC00BFC
                0xbfc00bfc        0x4 build/default/production/_ext/1688732426/system_init.o
                0xbfc02000                PROVIDE (_DBG_CODE_ADDR, 0xbfc02000)
                0x00000ff0                PROVIDE (_DBG_CODE_SIZE, 0xff0)

.reset          0xbfc00000      0x1e4
 *(.reset)
 .reset         0xbfc00000        0x8 e:/software/pic32/bin/bin/../../lib/gcc/pic32mx/4.8.3/../../../../pic32mx/lib/./proc/32MX250F128B/crt0_mips32r2.o
                0xbfc00000                _reset
 *(.reset.startup)
 .reset.startup
                0xbfc00008      0x1dc e:/software/pic32/bin/bin/../../lib/gcc/pic32mx/4.8.3/../../../../pic32mx/lib/./proc/32MX250F128B/crt0_mips32r2.o
                0xbfc00008                _startup

.bev_excpt      0xbfc00380       0x10
 *(.bev_handler)
 .bev_handler   0xbfc00380       0x10 e:/software/pic32/bin/bin/../../lib/gcc/pic32mx/4.8.3/../../../../pic32mx/lib/./proc/32MX250F128B/crt0_mips32r2.o

.dbg_excpt      0xbfc00480        0x0
                0xbfc00480                . = (. + DEFINED (_DEBUGGER)?0x8:0x0)

.dbg_code       0x9fc00490        0x0
                0x9fc00490                . = (. + DEFINED (_DEBUGGER)?_DBG_CODE_SIZE:0x0)

.app_excpt      0x9d01f180       0x10
 *(.gen_handler)
 .gen_handler   0x9d01f180       0x10 e:/software/pic32/bin/bin/../../lib/gcc/pic32mx/4.8.3/../../../../pic32mx/lib/./proc/32MX250F128B/crt0_mips32r2.o

.vector_0       0x9d01f200        0x8
 *(.vector_0)
 .vector_0      0x9d01f200        0x8 e:/software/pic32/bin/bin/../../lib/gcc/pic32mx/4.8.3/../../../../pic32mx/lib\libpic32.a(vector0.o)
                0x9d01f200                __vector_dispatch_0
                0x00000001                ASSERT (((_vector_spacing == 0x0) || (SIZEOF (.vector_0) <= (_vector_spacing << 0x5))), function at exception vector 0 too large)

.vector_1       0x9d01f220        0x8
 *(.vector_1)
 .vector_1      0x9d01f220        0x8 e:/software/pic32/bin/bin/../../lib/gcc/pic32mx/4.8.3/../../../../pic32mx/lib\libpic32.a(vector1.o)
                0x9d01f220                __vector_dispatch_1
                0x00000001                ASSERT (((_vector_spacing == 0x0) || (SIZEOF (.vector_1) <= (_vector_spacing << 0x5))), function at exception vector 1 too large)

.vector_2       0x9d01f240        0x8
 *(.vector_2)
 .vector_2      0x9d01f240        0x8 e:/software/pic32/bin/bin/../../lib/gcc/pic32mx/4.8.3/../../../../pic32mx/lib\libpic32.a(vector2.o)
                0x9d01f240                __vector_dispatch_2
                0x00000001                ASSERT (((_vector_spacing == 0x0) || (SIZEOF (.vector_2) <= (_vector_spacing << 0x5))), function at exception vector 2 too large)

.vector_3       0x9d01f260        0x8
 *(.vector_3)
 .vector_3      0x9d01f260        0x8 e:/software/pic32/bin/bin/../../lib/gcc/pic32mx/4.8.3/../../../../pic32mx/lib\libpic32.a(vector3.o)
                0x9d01f260                __vector_dispatch_3
                0x00000001                ASSERT (((_vector_spacing == 0x0) || (SIZEOF (.vector_3) <= (_vector_spacing << 0x5))), function at exception vector 3 too large)

.vector_4       0x9d01f280        0x8
 *(.vector_4)
 .vector_4      0x9d01f280        0x8 e:/software/pic32/bin/bin/../../lib/gcc/pic32mx/4.8.3/../../../../pic32mx/lib\libpic32.a(vector4.o)
                0x9d01f280                __vector_dispatch_4
                0x00000001                ASSERT (((_vector_spacing == 0x0) || (SIZEOF (.vector_4) <= (_vector_spacing << 0x5))), function at exception vector 4 too large)

.vector_5       0x9d01f2a0        0x8
 *(.vector_5)
 .vector_5      0x9d01f2a0        0x8 e:/software/pic32/bin/bin/../../lib/gcc/pic32mx/4.8.3/../../../../pic32mx/lib\libpic32.a(vector5.o)
                0x9d01f2a0                __vector_dispatch_5
                0x00000001                ASSERT (((_vector_spacing == 0x0) || (SIZEOF (.vector_5) <= (_vector_spacing << 0x5))), function at exception vector 5 too large)

.vector_6       0x9d01f2c0        0x8
 *(.vector_6)
 .vector_6      0x9d01f2c0        0x8 e:/software/pic32/bin/bin/../../lib/gcc/pic32mx/4.8.3/../../../../pic32mx/lib\libpic32.a(vector6.o)
                0x9d01f2c0                __vector_dispatch_6
                0x00000001                ASSERT (((_vector_spacing == 0x0) || (SIZEOF (.vector_6) <= (_vector_spacing << 0x5))), function at exception vector 6 too large)

.vector_7       0x9d01f2e0        0x8
 *(.vector_7)
 .vector_7      0x9d01f2e0        0x8 e:/software/pic32/bin/bin/../../lib/gcc/pic32mx/4.8.3/../../../../pic32mx/lib\libpic32.a(vector7.o)
                0x9d01f2e0                __vector_dispatch_7
                0x00000001                ASSERT (((_vector_spacing == 0x0) || (SIZEOF (.vector_7) <= (_vector_spacing << 0x5))), function at exception vector 7 too large)

.vector_8       0x9d01f300        0x8
 *(.vector_8)
 .vector_8      0x9d01f300        0x8 e:/software/pic32/bin/bin/../../lib/gcc/pic32mx/4.8.3/../../../../pic32mx/lib\libpic32.a(vector8.o)
                0x9d01f300                __vector_dispatch_8
                0x00000001                ASSERT (((_vector_spacing == 0x0) || (SIZEOF (.vector_8) <= (_vector_spacing << 0x5))), function at exception vector 8 too large)

.vector_9       0x9d01f320        0x8
 *(.vector_9)
 .vector_9      0x9d01f320        0x8 e:/software/pic32/bin/bin/../../lib/gcc/pic32mx/4.8.3/../../../../pic32mx/lib\libpic32.a(vector9.o)
                0x9d01f320                __vector_dispatch_9
                0x00000001                ASSERT (((_vector_spacing == 0x0) || (SIZEOF (.vector_9) <= (_vector_spacing << 0x5))), function at exception vector 9 too large)

.vector_10      0x9d01f340        0x8
 *(.vector_10)
 .vector_10     0x9d01f340        0x8 e:/software/pic32/bin/bin/../../lib/gcc/pic32mx/4.8.3/../../../../pic32mx/lib\libpic32.a(vector10.o)
                0x9d01f340                __vector_dispatch_10
                0x00000001                ASSERT (((_vector_spacing == 0x0) || (SIZEOF (.vector_10) <= (_vector_spacing << 0x5))), function at exception vector 10 too large)

.vector_11      0x9d01f360        0x8
 *(.vector_11)
 .vector_11     0x9d01f360        0x8 e:/software/pic32/bin/bin/../../lib/gcc/pic32mx/4.8.3/../../../../pic32mx/lib\libpic32.a(vector11.o)
                0x9d01f360                __vector_dispatch_11
                0x00000001                ASSERT (((_vector_spacing == 0x0) || (SIZEOF (.vector_11) <= (_vector_spacing << 0x5))), function at exception vector 11 too large)

.vector_12      0x9d01f380        0x8
 *(.vector_12)
 .vector_12     0x9d01f380        0x8 e:/software/pic32/bin/bin/../../lib/gcc/pic32mx/4.8.3/../../../../pic32mx/lib\libpic32.a(vector12.o)
                0x9d01f380                __vector_dispatch_12
                0x00000001                ASSERT (((_vector_spacing == 0x0) || (SIZEOF (.vector_12) <= (_vector_spacing << 0x5))), function at exception vector 12 too large)

.vector_13      0x9d01f3a0        0x8
 *(.vector_13)
 .vector_13     0x9d01f3a0        0x8 e:/software/pic32/bin/bin/../../lib/gcc/pic32mx/4.8.3/../../../../pic32mx/lib\libpic32.a(vector13.o)
                0x9d01f3a0                __vector_dispatch_13
                0x00000001                ASSERT (((_vector_spacing == 0x0) || (SIZEOF (.vector_13) <= (_vector_spacing << 0x5))), function at exception vector 13 too large)

.vector_14      0x9d01f3c0        0x8
 *(.vector_14)
 .vector_14     0x9d01f3c0        0x8 e:/software/pic32/bin/bin/../../lib/gcc/pic32mx/4.8.3/../../../../pic32mx/lib\libpic32.a(vector14.o)
                0x9d01f3c0                __vector_dispatch_14
                0x00000001                ASSERT (((_vector_spacing == 0x0) || (SIZEOF (.vector_14) <= (_vector_spacing << 0x5))), function at exception vector 14 too large)

.vector_15      0x9d01f3e0        0x8
 *(.vector_15)
 .vector_15     0x9d01f3e0        0x8 e:/software/pic32/bin/bin/../../lib/gcc/pic32mx/4.8.3/../../../../pic32mx/lib\libpic32.a(vector15.o)
                0x9d01f3e0                __vector_dispatch_15
                0x00000001                ASSERT (((_vector_spacing == 0x0) || (SIZEOF (.vector_15) <= (_vector_spacing << 0x5))), function at exception vector 15 too large)

.vector_16      0x9d01f400        0x8
 *(.vector_16)
 .vector_16     0x9d01f400        0x8 e:/software/pic32/bin/bin/../../lib/gcc/pic32mx/4.8.3/../../../../pic32mx/lib\libpic32.a(vector16.o)
                0x9d01f400                __vector_dispatch_16
                0x00000001                ASSERT (((_vector_spacing == 0x0) || (SIZEOF (.vector_16) <= (_vector_spacing << 0x5))), function at exception vector 16 too large)

.vector_17      0x9d01f420        0x8
 *(.vector_17)
 .vector_17     0x9d01f420        0x8 e:/software/pic32/bin/bin/../../lib/gcc/pic32mx/4.8.3/../../../../pic32mx/lib\libpic32.a(vector17.o)
                0x9d01f420                __vector_dispatch_17
                0x00000001                ASSERT (((_vector_spacing == 0x0) || (SIZEOF (.vector_17) <= (_vector_spacing << 0x5))), function at exception vector 17 too large)

.vector_18      0x9d01f440        0x8
 *(.vector_18)
 .vector_18     0x9d01f440        0x8 e:/software/pic32/bin/bin/../../lib/gcc/pic32mx/4.8.3/../../../../pic32mx/lib\libpic32.a(vector18.o)
                0x9d01f440                __vector_dispatch_18
                0x00000001                ASSERT (((_vector_spacing == 0x0) || (SIZEOF (.vector_18) <= (_vector_spacing << 0x5))), function at exception vector 18 too large)

.vector_19      0x9d01f460        0x8
 *(.vector_19)
 .vector_19     0x9d01f460        0x8 e:/software/pic32/bin/bin/../../lib/gcc/pic32mx/4.8.3/../../../../pic32mx/lib\libpic32.a(vector19.o)
                0x9d01f460                __vector_dispatch_19
                0x00000001                ASSERT (((_vector_spacing == 0x0) || (SIZEOF (.vector_19) <= (_vector_spacing << 0x5))), function at exception vector 19 too large)

.vector_20      0x9d01f480        0x8
 *(.vector_20)
 .vector_20     0x9d01f480        0x8 e:/software/pic32/bin/bin/../../lib/gcc/pic32mx/4.8.3/../../../../pic32mx/lib\libpic32.a(vector20.o)
                0x9d01f480                __vector_dispatch_20
                0x00000001                ASSERT (((_vector_spacing == 0x0) || (SIZEOF (.vector_20) <= (_vector_spacing << 0x5))), function at exception vector 20 too large)

.vector_21      0x9d01f4a0        0x8
 *(.vector_21)
 .vector_21     0x9d01f4a0        0x8 e:/software/pic32/bin/bin/../../lib/gcc/pic32mx/4.8.3/../../../../pic32mx/lib\libpic32.a(vector21.o)
                0x9d01f4a0                __vector_dispatch_21
                0x00000001                ASSERT (((_vector_spacing == 0x0) || (SIZEOF (.vector_21) <= (_vector_spacing << 0x5))), function at exception vector 21 too large)

.vector_22      0x9d01f4c0        0x8
 *(.vector_22)
 .vector_22     0x9d01f4c0        0x8 e:/software/pic32/bin/bin/../../lib/gcc/pic32mx/4.8.3/../../../../pic32mx/lib\libpic32.a(vector22.o)
                0x9d01f4c0                __vector_dispatch_22
                0x00000001                ASSERT (((_vector_spacing == 0x0) || (SIZEOF (.vector_22) <= (_vector_spacing << 0x5))), function at exception vector 22 too large)

.vector_23      0x9d01f4e0        0x8
 *(.vector_23)
 .vector_23     0x9d01f4e0        0x8 e:/software/pic32/bin/bin/../../lib/gcc/pic32mx/4.8.3/../../../../pic32mx/lib\libpic32.a(vector23.o)
                0x9d01f4e0                __vector_dispatch_23
                0x00000001                ASSERT (((_vector_spacing == 0x0) || (SIZEOF (.vector_23) <= (_vector_spacing << 0x5))), function at exception vector 23 too large)

.vector_24      0x9d01f500        0x8
 *(.vector_24)
 .vector_24     0x9d01f500        0x8 e:/software/pic32/bin/bin/../../lib/gcc/pic32mx/4.8.3/../../../../pic32mx/lib\libpic32.a(vector24.o)
                0x9d01f500                __vector_dispatch_24
                0x00000001                ASSERT (((_vector_spacing == 0x0) || (SIZEOF (.vector_24) <= (_vector_spacing << 0x5))), function at exception vector 24 too large)

.vector_25      0x9d01f520        0x8
 *(.vector_25)
 .vector_25     0x9d01f520        0x8 e:/software/pic32/bin/bin/../../lib/gcc/pic32mx/4.8.3/../../../../pic32mx/lib\libpic32.a(vector25.o)
                0x9d01f520                __vector_dispatch_25
                0x00000001                ASSERT (((_vector_spacing == 0x0) || (SIZEOF (.vector_25) <= (_vector_spacing << 0x5))), function at exception vector 25 too large)

.vector_26      0x9d01f540        0x8
 *(.vector_26)
 .vector_26     0x9d01f540        0x8 e:/software/pic32/bin/bin/../../lib/gcc/pic32mx/4.8.3/../../../../pic32mx/lib\libpic32.a(vector26.o)
                0x9d01f540                __vector_dispatch_26
                0x00000001                ASSERT (((_vector_spacing == 0x0) || (SIZEOF (.vector_26) <= (_vector_spacing << 0x5))), function at exception vector 26 too large)

.vector_27      0x9d01f560        0x8
 *(.vector_27)
 .vector_27     0x9d01f560        0x8 e:/software/pic32/bin/bin/../../lib/gcc/pic32mx/4.8.3/../../../../pic32mx/lib\libpic32.a(vector27.o)
                0x9d01f560                __vector_dispatch_27
                0x00000001                ASSERT (((_vector_spacing == 0x0) || (SIZEOF (.vector_27) <= (_vector_spacing << 0x5))), function at exception vector 27 too large)

.vector_28      0x9d01f580        0x8
 *(.vector_28)
 .vector_28     0x9d01f580        0x8 e:/software/pic32/bin/bin/../../lib/gcc/pic32mx/4.8.3/../../../../pic32mx/lib\libpic32.a(vector28.o)
                0x9d01f580                __vector_dispatch_28
                0x00000001                ASSERT (((_vector_spacing == 0x0) || (SIZEOF (.vector_28) <= (_vector_spacing << 0x5))), function at exception vector 28 too large)

.vector_29      0x9d01f5a0        0x8
 *(.vector_29)
 .vector_29     0x9d01f5a0        0x8 e:/software/pic32/bin/bin/../../lib/gcc/pic32mx/4.8.3/../../../../pic32mx/lib\libpic32.a(vector29.o)
                0x9d01f5a0                __vector_dispatch_29
                0x00000001                ASSERT (((_vector_spacing == 0x0) || (SIZEOF (.vector_29) <= (_vector_spacing << 0x5))), function at exception vector 29 too large)

.vector_30      0x9d01f5c0        0x8
 *(.vector_30)
 .vector_30     0x9d01f5c0        0x8 build/default/production/_ext/1688732426/system_interrupt.o
                0x9d01f5c0                __vector_dispatch_30
                0x00000001                ASSERT (((_vector_spacing == 0x0) || (SIZEOF (.vector_30) <= (_vector_spacing << 0x5))), function at exception vector 30 too large)

.vector_31      0x9d01f5e0        0x8
 *(.vector_31)
 .vector_31     0x9d01f5e0        0x8 e:/software/pic32/bin/bin/../../lib/gcc/pic32mx/4.8.3/../../../../pic32mx/lib\libpic32.a(vector31.o)
                0x9d01f5e0                __vector_dispatch_31
                0x00000001                ASSERT (((_vector_spacing == 0x0) || (SIZEOF (.vector_31) <= (_vector_spacing << 0x5))), function at exception vector 31 too large)

.vector_32      0x9d01f600        0x8
 *(.vector_32)
 .vector_32     0x9d01f600        0x8 e:/software/pic32/bin/bin/../../lib/gcc/pic32mx/4.8.3/../../../../pic32mx/lib\libpic32.a(vector32.o)
                0x9d01f600                __vector_dispatch_32
                0x00000001                ASSERT (((_vector_spacing == 0x0) || (SIZEOF (.vector_32) <= (_vector_spacing << 0x5))), function at exception vector 32 too large)

.vector_33      0x9d01f620        0x8
 *(.vector_33)
 .vector_33     0x9d01f620        0x8 e:/software/pic32/bin/bin/../../lib/gcc/pic32mx/4.8.3/../../../../pic32mx/lib\libpic32.a(vector33.o)
                0x9d01f620                __vector_dispatch_33
                0x00000001                ASSERT (((_vector_spacing == 0x0) || (SIZEOF (.vector_33) <= (_vector_spacing << 0x5))), function at exception vector 33 too large)

.vector_34      0x9d01f640        0x8
 *(.vector_34)
 .vector_34     0x9d01f640        0x8 e:/software/pic32/bin/bin/../../lib/gcc/pic32mx/4.8.3/../../../../pic32mx/lib\libpic32.a(vector34.o)
                0x9d01f640                __vector_dispatch_34
                0x00000001                ASSERT (((_vector_spacing == 0x0) || (SIZEOF (.vector_34) <= (_vector_spacing << 0x5))), function at exception vector 34 too large)

.vector_35      0x9d01f660        0x8
 *(.vector_35)
 .vector_35     0x9d01f660        0x8 e:/software/pic32/bin/bin/../../lib/gcc/pic32mx/4.8.3/../../../../pic32mx/lib\libpic32.a(vector35.o)
                0x9d01f660                __vector_dispatch_35
                0x00000001                ASSERT (((_vector_spacing == 0x0) || (SIZEOF (.vector_35) <= (_vector_spacing << 0x5))), function at exception vector 35 too large)

.vector_36      0x9d01f680        0x8
 *(.vector_36)
 .vector_36     0x9d01f680        0x8 e:/software/pic32/bin/bin/../../lib/gcc/pic32mx/4.8.3/../../../../pic32mx/lib\libpic32.a(vector36.o)
                0x9d01f680                __vector_dispatch_36
                0x00000001                ASSERT (((_vector_spacing == 0x0) || (SIZEOF (.vector_36) <= (_vector_spacing << 0x5))), function at exception vector 36 too large)

.vector_37      0x9d01f6a0        0x8
 *(.vector_37)
 .vector_37     0x9d01f6a0        0x8 e:/software/pic32/bin/bin/../../lib/gcc/pic32mx/4.8.3/../../../../pic32mx/lib\libpic32.a(vector37.o)
                0x9d01f6a0                __vector_dispatch_37
                0x00000001                ASSERT (((_vector_spacing == 0x0) || (SIZEOF (.vector_37) <= (_vector_spacing << 0x5))), function at exception vector 37 too large)

.vector_38      0x9d01f6c0        0x8
 *(.vector_38)
 .vector_38     0x9d01f6c0        0x8 e:/software/pic32/bin/bin/../../lib/gcc/pic32mx/4.8.3/../../../../pic32mx/lib\libpic32.a(vector38.o)
                0x9d01f6c0                __vector_dispatch_38
                0x00000001                ASSERT (((_vector_spacing == 0x0) || (SIZEOF (.vector_38) <= (_vector_spacing << 0x5))), function at exception vector 38 too large)

.vector_39      0x9d01f6e0        0x8
 *(.vector_39)
 .vector_39     0x9d01f6e0        0x8 e:/software/pic32/bin/bin/../../lib/gcc/pic32mx/4.8.3/../../../../pic32mx/lib\libpic32.a(vector39.o)
                0x9d01f6e0                __vector_dispatch_39
                0x00000001                ASSERT (((_vector_spacing == 0x0) || (SIZEOF (.vector_39) <= (_vector_spacing << 0x5))), function at exception vector 39 too large)

.vector_40      0x9d01f700        0x8
 *(.vector_40)
 .vector_40     0x9d01f700        0x8 e:/software/pic32/bin/bin/../../lib/gcc/pic32mx/4.8.3/../../../../pic32mx/lib\libpic32.a(vector40.o)
                0x9d01f700                __vector_dispatch_40
                0x00000001                ASSERT (((_vector_spacing == 0x0) || (SIZEOF (.vector_40) <= (_vector_spacing << 0x5))), function at exception vector 40 too large)

.vector_41      0x9d01f720        0x8
 *(.vector_41)
 .vector_41     0x9d01f720        0x8 e:/software/pic32/bin/bin/../../lib/gcc/pic32mx/4.8.3/../../../../pic32mx/lib\libpic32.a(vector41.o)
                0x9d01f720                __vector_dispatch_41
                0x00000001                ASSERT (((_vector_spacing == 0x0) || (SIZEOF (.vector_41) <= (_vector_spacing << 0x5))), function at exception vector 41 too large)

.vector_42      0x9d01f740        0x8
 *(.vector_42)
 .vector_42     0x9d01f740        0x8 e:/software/pic32/bin/bin/../../lib/gcc/pic32mx/4.8.3/../../../../pic32mx/lib\libpic32.a(vector42.o)
                0x9d01f740                __vector_dispatch_42
                0x00000001                ASSERT (((_vector_spacing == 0x0) || (SIZEOF (.vector_42) <= (_vector_spacing << 0x5))), function at exception vector 42 too large)

.vector_43      0x9d01f760        0x8
 *(.vector_43)
 .vector_43     0x9d01f760        0x8 e:/software/pic32/bin/bin/../../lib/gcc/pic32mx/4.8.3/../../../../pic32mx/lib\libpic32.a(vector43.o)
                0x9d01f760                __vector_dispatch_43
                0x00000001                ASSERT (((_vector_spacing == 0x0) || (SIZEOF (.vector_43) <= (_vector_spacing << 0x5))), function at exception vector 43 too large)

.vector_44      0x9d01f780        0x0
 *(.vector_44)
                0x00000001                ASSERT (((_vector_spacing == 0x0) || (SIZEOF (.vector_44) <= (_vector_spacing << 0x5))), function at exception vector 44 too large)

.vector_45      0x9d01f7a0        0x0
 *(.vector_45)
                0x00000001                ASSERT (((_vector_spacing == 0x0) || (SIZEOF (.vector_45) <= (_vector_spacing << 0x5))), function at exception vector 45 too large)

.vector_46      0x9d01f7c0        0x0
 *(.vector_46)
                0x00000001                ASSERT (((_vector_spacing == 0x0) || (SIZEOF (.vector_46) <= (_vector_spacing << 0x5))), function at exception vector 46 too large)

.vector_47      0x9d01f7e0        0x0
 *(.vector_47)
                0x00000001                ASSERT (((_vector_spacing == 0x0) || (SIZEOF (.vector_47) <= (_vector_spacing << 0x5))), function at exception vector 47 too large)

.vector_48      0x9d01f800        0x0
 *(.vector_48)
                0x00000001                ASSERT (((_vector_spacing == 0x0) || (SIZEOF (.vector_48) <= (_vector_spacing << 0x5))), function at exception vector 48 too large)

.vector_49      0x9d01f820        0x0
 *(.vector_49)
                0x00000001                ASSERT (((_vector_spacing == 0x0) || (SIZEOF (.vector_49) <= (_vector_spacing << 0x5))), function at exception vector 49 too large)

.vector_50      0x9d01f840        0x0
 *(.vector_50)
                0x00000001                ASSERT (((_vector_spacing == 0x0) || (SIZEOF (.vector_50) <= (_vector_spacing << 0x5))), function at exception vector 50 too large)

.vector_51      0x9d01f860        0x0
 *(.vector_51)
                0x00000001                ASSERT (((_vector_spacing == 0x0) || (SIZEOF (.vector_51) <= (_vector_spacing << 0x5))), function at exception vector 51 too large)

.vector_52      0x9d01f880        0x0
 *(.vector_52)
                0x00000001                ASSERT (((_vector_spacing == 0x0) || (SIZEOF (.vector_52) <= (_vector_spacing << 0x5))), function at exception vector 52 too large)

.vector_53      0x9d01f8a0        0x0
 *(.vector_53)
                0x00000001                ASSERT (((_vector_spacing == 0x0) || (SIZEOF (.vector_53) <= (_vector_spacing << 0x5))), function at exception vector 53 too large)

.vector_54      0x9d01f8c0        0x0
 *(.vector_54)
                0x00000001                ASSERT (((_vector_spacing == 0x0) || (SIZEOF (.vector_54) <= (_vector_spacing << 0x5))), function at exception vector 54 too large)

.vector_55      0x9d01f8e0        0x0
 *(.vector_55)
                0x00000001                ASSERT (((_vector_spacing == 0x0) || (SIZEOF (.vector_55) <= (_vector_spacing << 0x5))), function at exception vector 55 too large)

.vector_56      0x9d01f900        0x0
 *(.vector_56)
                0x00000001                ASSERT (((_vector_spacing == 0x0) || (SIZEOF (.vector_56) <= (_vector_spacing << 0x5))), function at exception vector 56 too large)

.vector_57      0x9d01f920        0x0
 *(.vector_57)
                0x00000001                ASSERT (((_vector_spacing == 0x0) || (SIZEOF (.vector_57) <= (_vector_spacing << 0x5))), function at exception vector 57 too large)

.vector_58      0x9d01f940        0x0
 *(.vector_58)
                0x00000001                ASSERT (((_vector_spacing == 0x0) || (SIZEOF (.vector_58) <= (_vector_spacing << 0x5))), function at exception vector 58 too large)

.vector_59      0x9d01f960        0x0
 *(.vector_59)
                0x00000001                ASSERT (((_vector_spacing == 0x0) || (SIZEOF (.vector_59) <= (_vector_spacing << 0x5))), function at exception vector 59 too large)

.vector_60      0x9d01f980        0x0
 *(.vector_60)
                0x00000001                ASSERT (((_vector_spacing == 0x0) || (SIZEOF (.vector_60) <= (_vector_spacing << 0x5))), function at exception vector 60 too large)

.vector_61      0x9d01f9a0        0x0
 *(.vector_61)
                0x00000001                ASSERT (((_vector_spacing == 0x0) || (SIZEOF (.vector_61) <= (_vector_spacing << 0x5))), function at exception vector 61 too large)

.vector_62      0x9d01f9c0        0x0
 *(.vector_62)
                0x00000001                ASSERT (((_vector_spacing == 0x0) || (SIZEOF (.vector_62) <= (_vector_spacing << 0x5))), function at exception vector 62 too large)

.vector_63      0x9d01f9e0        0x0
 *(.vector_63)
                0x00000001                ASSERT (((_vector_spacing == 0x0) || (SIZEOF (.vector_63) <= (_vector_spacing << 0x5))), function at exception vector 63 too large)

.startup
 *(.startup)

.text           0x9d000000        0x0
 *(.stub .gnu.linkonce.t.*)
 *(.text.*personality*)
 *(.mips16.fn.*)
 *(.mips16.call.*)
 *(.gnu.warning)
                0x9d000000                . = ALIGN (0x4)

.init           0x9d000000        0x0
 *crti.o(.init)
 *crtbegin.o(.init)
 *(EXCLUDE_FILE(*crtn.o *crtend?.o *crtend.o) .init)
 *crtend.o(.init)
 *crtn.o(.init)
                0x9d000000                . = ALIGN (0x4)

.fini           0x9d000000        0x0
 *(.fini)
                0x9d000000                . = ALIGN (0x4)

.preinit_array  0x9d000000        0x0
                0x9d000000                PROVIDE (__preinit_array_start, .)
 *(.preinit_array)
                0x9d000000                PROVIDE (__preinit_array_end, .)
                0x9d000000                . = ALIGN (0x4)

.init_array     0x9d000000        0x0
                0x9d000000                PROVIDE (__init_array_start, .)
 *(SORT(.init_array.*))
 *(.init_array)
                0x9d000000                PROVIDE (__init_array_end, .)
                0x9d000000                . = ALIGN (0x4)

.fini_array     0x9d000000        0x0
                0x9d000000                PROVIDE (__fini_array_start, .)
 *(SORT(.fini_array.*))
 *(.fini_array)
                0x9d000000                PROVIDE (__fini_array_end, .)
                0x9d000000                . = ALIGN (0x4)

.ctors          0x9d000000        0x0
 *crtbegin.o(.ctors)
 *crtbegin?.o(.ctors)
 *(EXCLUDE_FILE(*crtend?.o *crtend.o) .ctors)
 *(SORT(.ctors.*))
 *(.ctors)
                0x9d000000                . = ALIGN (0x4)

.dtors          0x9d000000        0x0
 *crtbegin.o(.dtors)
 *crtbegin?.o(.dtors)
 *(EXCLUDE_FILE(*crtend?.o *crtend.o) .dtors)
 *(SORT(.dtors.*))
 *(.dtors)
                0x9d000000                . = ALIGN (0x4)

.rodata         0x9d000000        0x0
 *(.gnu.linkonce.r.*)
 *(.rodata1)
                0x9d000000                . = ALIGN (0x4)

.sdata2         0x9fc00490        0x0
 *(.sdata2 .sdata2.* .gnu.linkonce.s2.*)
                0x9fc00490                . = ALIGN (0x4)

.sbss2          0x9fc00490        0x0
 *(.sbss2 .sbss2.* .gnu.linkonce.sb2.*)
                0x9fc00490                . = ALIGN (0x4)

.eh_frame_hdr
 *(.eh_frame_hdr)
                0x9fc00490                . = ALIGN (0x4)

.eh_frame
 *(.eh_frame)
                0x9fc00490                . = ALIGN (0x4)

.gcc_except_table
 *(.gcc_except_table .gcc_except_table.*)
                0x9fc00490                . = ALIGN (0x4)

.dbg_data       0xa0000000        0x0
                0xa0000000                . = (. + DEFINED (_DEBUGGER)?0x200:0x0)

.jcr            0xa0000000        0x0
 *(.jcr)
                0xa0000000                . = ALIGN (0x4)

.eh_frame
 *(.eh_frame)
                0xa0000000                . = ALIGN (0x4)

.gcc_except_table
 *(.gcc_except_table .gcc_except_table.*)
                0xa0000000                . = ALIGN (0x4)

.persist        0xa0000000        0x0
                0xa0000000                _persist_begin = .
 *(.persist .persist.*)
 *(.pbss .pbss.*)
                0xa0000000                . = ALIGN (0x4)
                0xa0000000                _persist_end = .

.data           0xa0000000        0x0
 *(.gnu.linkonce.d.*)
 *(.data1)
                0xa0000000                . = ALIGN (0x4)
                0xa0000000                . = .
                0xa0007ff0                _gp = (ALIGN (0x10) + 0x7ff0)

.got            0xa0000000        0x0
 *(.got.plt)
 *(.got)
                0xa0000000                . = ALIGN (0x4)

.sdata          0xa0000000        0xc
                0xa0000000                _sdata_begin = .
 *(.sdata .sdata.* .gnu.linkonce.s.*)
 .sdata         0xa0000000        0x8 build/default/production/_ext/1360937237/app.o
                0xa0000000                stop
                0xa0000004                len
 .sdata         0xa0000008        0x4 e:/software/pic32/bin/bin/../../lib/gcc/pic32mx/4.8.3/../../../../pic32mx/lib\libpic32.a(xc32_uart.o)
                0xa0000008                __XC_UART
                0xa000000c                . = ALIGN (0x4)
                0xa000000c                _sdata_end = .

.lit8
 *(.lit8)

.lit4
 *(.lit4)
                0xa000000c                . = ALIGN (0x4)
                0xa000000c                _data_end = .
                0xa000000c                _bss_begin = .

.sbss           0xa000000c       0x48
                0xa000000c                _sbss_begin = .
 *(.dynsbss)
 *(.sbss .sbss.* .gnu.linkonce.sb.*)
 .sbss          0xa000000c        0xc build/default/production/_ext/1688732426/system_exceptions.o
 .sbss          0xa0000018       0x28 build/default/production/_ext/1360937237/app.o
                0xa0000018                new_IIR
                0xa000001c                prev_IIR
                0xa0000020                aver_IIR
                0xa0000024                FIR
                0xa0000028                MAF
                0xa000002c                RAW
                0xa0000030                j
                0xa0000034                count
                0xa0000038                startTime
                0xa000003c                i
 *(.scommon)
 .scommon       0xa0000040        0x8 build/default/production/_ext/340578644/sys_devcon.o
                0xa0000040                sysDevconObj
 .scommon       0xa0000048        0x8 build/default/production/_ext/1688732426/system_init.o
                0xa0000048                sysObj
 .scommon       0xa0000050        0x2 build/default/production/_ext/1756207072/usb_device_cdc.o
                0xa0000050                gUSBDeviceCdcCommonDataObj
                0xa0000052                _sbss_end = .
                0xa0000054                . = ALIGN (0x4)
 *fill*         0xa0000052        0x2 

.bss            0xa0000200      0x290
 *(.dynbss)
 *(COMMON)
 COMMON         0xa0000200       0x60 build/default/production/_ext/1688732426/system_init.o
                0xa0000200                endPointTable
 COMMON         0xa0000260       0xbc build/default/production/_ext/1360937237/app.o
                0xa0000260                readBuffer
                0xa00002a0                appData
                0xa00002cc                dataReg8
                0xa00002dc                dataOut
 COMMON         0xa000031c       0xc8 build/default/production/_ext/708110637/drv_usbfs.o
                0xa000031c                gDrvUSBGroup
 COMMON         0xa00003e4       0xac build/default/production/_ext/1756207072/usb_device_cdc.o
                0xa00003e4                gUSBDeviceCDCIRP
                0xa0000450                gUSBDeviceCDCInstance
                0xa0000490                . = ALIGN ((. != 0x0)?0x4:0x1)
                0xa0000490                . = ALIGN (0x4)
                0xa0000490                _end = .
                0xa0000490                _bss_end = .
                0x00008000                _bmxdudba_address = 0x8000
                0x00008000                _bmxdupba_address = 0x8000

/DISCARD/
 *(.pdr)
 *(.rel.dyn)
 *(.note.GNU-stack)
 *(.note.GNU-stack)
 *(.gnu_debuglink)
 *(.gnu.lto_*)
 *(.discard)

.gptab.sdata
 *(.gptab.data)
 *(.gptab.sdata)

.gptab.sbss
 *(.gptab.bss)
 *(.gptab.sbss)

.mdebug.abi32   0xa0000490        0x0
 *(.mdebug.abi32)
 .mdebug.abi32  0xa0000490        0x0 build/default/production/_ext/639803181/sys_clk_pic32mx.o
 .mdebug.abi32  0xa0000490        0x0 build/default/production/_ext/340578644/sys_devcon.o
 .mdebug.abi32  0xa0000490        0x0 build/default/production/_ext/340578644/sys_devcon_pic32mx.o
 .mdebug.abi32  0xa0000490        0x0 build/default/production/_ext/822048611/sys_ports_static.o
 .mdebug.abi32  0xa0000490        0x0 build/default/production/_ext/1688732426/system_init.o
 .mdebug.abi32  0xa0000490        0x0 build/default/production/_ext/1688732426/system_interrupt.o
 .mdebug.abi32  0xa0000490        0x0 build/default/production/_ext/1688732426/system_exceptions.o
 .mdebug.abi32  0xa0000490        0x0 build/default/production/_ext/1688732426/system_tasks.o
 .mdebug.abi32  0xa0000490        0x0 build/default/production/_ext/1360937237/app.o
 .mdebug.abi32  0xa0000490        0x0 build/default/production/_ext/1360937237/main.o
 .mdebug.abi32  0xa0000490        0x0 build/default/production/_ext/1360937237/ST7735.o
 .mdebug.abi32  0xa0000490        0x0 build/default/production/_ext/1360937237/i2c_master_noint.o
 .mdebug.abi32  0xa0000490        0x0 build/default/production/_ext/1360937237/imc.o
 .mdebug.abi32  0xa0000490        0x0 build/default/production/_ext/708110637/drv_usbfs.o
 .mdebug.abi32  0xa0000490        0x0 build/default/production/_ext/708110637/drv_usbfs_device.o
 .mdebug.abi32  0xa0000490        0x0 build/default/production/_ext/191266835/sys_int_pic32.o
 .mdebug.abi32  0xa0000490        0x0 build/default/production/_ext/1756207072/usb_device.o
 .mdebug.abi32  0xa0000490        0x0 build/default/production/_ext/1756207072/usb_device_cdc.o
 .mdebug.abi32  0xa0000490        0x0 build/default/production/_ext/1756207072/usb_device_cdc_acm.o
 .mdebug.abi32  0xa0000490        0x0 e:/software/pic32/bin/bin/../../lib/gcc/pic32mx/4.8.3/../../../../pic32mx/lib\libpic32.a(default-bootstrap-exception-handler.o)
 .mdebug.abi32  0xa0000490        0x0 e:/software/pic32/bin/bin/../../lib/gcc/pic32mx/4.8.3/../../../../pic32mx/lib\libpic32.a(default-on-reset.o)
 .mdebug.abi32  0xa0000490        0x0 e:/software/pic32/bin/bin/../../lib/gcc/pic32mx/4.8.3/../../../../pic32mx/lib\libpic32.a(default-on-bootstrap.o)
 .mdebug.abi32  0xa0000490        0x0 e:/software/pic32/bin/bin/../../lib/gcc/pic32mx/4.8.3/../../../../pic32mx/lib\libpic32.a(defaultinterrupt.o)
 .mdebug.abi32  0xa0000490        0x0 e:/software/pic32/bin/bin/../../lib/gcc/pic32mx/4.8.3/../../../../pic32mx/lib\libc.a(sprintf_cdfFnopuxX.eo)
 .mdebug.abi32  0xa0000490        0x0 e:/software/pic32/bin/bin/../../lib/gcc/pic32mx/4.8.3/../../../../pic32mx/lib\libc.a(doprnt_cdfFnopuxX.eo)
 .mdebug.abi32  0xa0000490        0x0 e:/software/pic32/bin/bin/../../lib/gcc/pic32mx/4.8.3/../../../../pic32mx/lib\libc.a(_fputc_simple.o)
 .mdebug.abi32  0xa0000490        0x0 e:/software/pic32/bin/bin/../../lib/gcc/pic32mx/4.8.3/../../../../pic32mx/lib\libc.a(ctype.o)
 .mdebug.abi32  0xa0000490        0x0 e:/software/pic32/bin/bin/../../lib/gcc/pic32mx/4.8.3/../../../../pic32mx/lib\libc.a(ldpowers.o)
 .mdebug.abi32  0xa0000490        0x0 e:/software/pic32/bin/bin/../../lib/gcc/pic32mx/4.8.3/../../../../pic32mx/lib\libc.a(_iob.o)
 .mdebug.abi32  0xa0000490        0x0 e:/software/pic32/bin/bin/../../lib/gcc/pic32mx/4.8.3/../../../../pic32mx/lib\libc.a(_flsbuf_simple.o)
 .mdebug.abi32  0xa0000490        0x0 e:/software/pic32/bin/bin/../../lib/gcc/pic32mx/4.8.3/../../../../pic32mx/lib\libe.a(_fixunsdfdi.o)
 .mdebug.abi32  0xa0000490        0x0 e:/software/pic32/bin/bin/../../lib/gcc/pic32mx/4.8.3/../../../../pic32mx/lib\libe.a(_orderdf2.o)
 .mdebug.abi32  0xa0000490        0x0 e:/software/pic32/bin/bin/../../lib/gcc/pic32mx/4.8.3/../../../../pic32mx/lib\libe.a(_fixdfdi.o)
 .mdebug.abi32  0xa0000490        0x0 e:/software/pic32/bin/bin/../../lib/gcc/pic32mx/4.8.3\libgcc.a(_floatundidf.o)
 .mdebug.abi32  0xa0000490        0x0 e:/software/pic32/bin/bin/../../lib/gcc/pic32mx/4.8.3\libgcc.a(_udivdi3.o)
 .mdebug.abi32  0xa0000490        0x0 e:/software/pic32/bin/bin/../../lib/gcc/pic32mx/4.8.3\libgcc.a(_umoddi3.o)
 .mdebug.abi32  0xa0000490        0x0 e:/software/pic32/bin/bin/../../lib/gcc/pic32mx/4.8.3\libgcc.a(floatunsidf.o)
 .mdebug.abi32  0xa0000490        0x0 e:/software/pic32/bin/bin/../../lib/gcc/pic32mx/4.8.3/../../../../pic32mx/lib\libpic32.a(write.o)
 .mdebug.abi32  0xa0000490        0x0 e:/software/pic32/bin/bin/../../lib/gcc/pic32mx/4.8.3/../../../../pic32mx/lib\libpic32.a(_mon_putc.o)
 .mdebug.abi32  0xa0000490        0x0 e:/software/pic32/bin/bin/../../lib/gcc/pic32mx/4.8.3/../../../../pic32mx/lib\libpic32.a(xc32_uart.o)

.mdebug.abiN32
 *(.mdebug.abiN32)

.mdebug.abi64
 *(.mdebug.abi64)

.mdebug.abiO64
 *(.mdebug.abiO64)

.mdebug.eabi32
 *(.mdebug.eabi32)

.mdebug.eabi64
 *(.mdebug.eabi64)

.gcc_compiled_long32
 *(.gcc_compiled_long32)

.gcc_compiled_long64
 *(.gcc_compiled_long64)

.stab
 *(.stab)

.stabstr
 *(.stabstr)

.stab.excl
 *(.stab.excl)

.stab.exclstr
 *(.stab.exclstr)

.stab.index
 *(.stab.index)

.stab.indexstr
 *(.stab.indexstr)

.comment        0x00000000      0x1c9
 *(.comment)
 .comment       0x00000000       0x3c build/default/production/_ext/639803181/sys_clk_pic32mx.o
                                 0x3d (size before relaxing)
 .comment       0x00000000       0x3d build/default/production/_ext/340578644/sys_devcon.o
 .comment       0x00000000       0x3d build/default/production/_ext/340578644/sys_devcon_pic32mx.o
 .comment       0x00000000       0x3d build/default/production/_ext/822048611/sys_ports_static.o
 .comment       0x00000000       0x3d build/default/production/_ext/1688732426/system_init.o
 .comment       0x00000000       0x3d build/default/production/_ext/1688732426/system_interrupt.o
 .comment       0x00000000       0x3d build/default/production/_ext/1688732426/system_exceptions.o
 .comment       0x00000000       0x3d build/default/production/_ext/1688732426/system_tasks.o
 .comment       0x00000000       0x3d build/default/production/_ext/1360937237/app.o
 .comment       0x00000000       0x3d build/default/production/_ext/1360937237/main.o
 .comment       0x00000000       0x3d build/default/production/_ext/1360937237/ST7735.o
 .comment       0x00000000       0x3d build/default/production/_ext/1360937237/i2c_master_noint.o
 .comment       0x00000000       0x3d build/default/production/_ext/1360937237/imc.o
 .comment       0x00000000       0x3d build/default/production/_ext/708110637/drv_usbfs.o
 .comment       0x00000000       0x3d build/default/production/_ext/708110637/drv_usbfs_device.o
 .comment       0x00000000       0x3d build/default/production/_ext/191266835/sys_int_pic32.o
 .comment       0x00000000       0x3d build/default/production/_ext/1756207072/usb_device.o
 .comment       0x00000000       0x3d build/default/production/_ext/1756207072/usb_device_cdc.o
 .comment       0x00000000       0x3d build/default/production/_ext/1756207072/usb_device_cdc_acm.o
 .comment       0x00000000       0x3d e:/software/pic32/bin/bin/../../lib/gcc/pic32mx/4.8.3/../../../../pic32mx/lib\libpic32.a(default-bootstrap-exception-handler.o)
 .comment       0x00000000       0x3d e:/software/pic32/bin/bin/../../lib/gcc/pic32mx/4.8.3/../../../../pic32mx/lib\libpic32.a(default-on-reset.o)
 .comment       0x00000000       0x3d e:/software/pic32/bin/bin/../../lib/gcc/pic32mx/4.8.3/../../../../pic32mx/lib\libpic32.a(default-on-bootstrap.o)
 .comment       0x00000000       0x3d e:/software/pic32/bin/bin/../../lib/gcc/pic32mx/4.8.3/../../../../pic32mx/lib\libpic32.a(defaultinterrupt.o)
 .comment       0x00000000       0x3d e:/software/pic32/bin/bin/../../lib/gcc/pic32mx/4.8.3/../../../../pic32mx/lib\libc.a(sprintf_cdfFnopuxX.eo)
 .comment       0x00000000       0x3d e:/software/pic32/bin/bin/../../lib/gcc/pic32mx/4.8.3/../../../../pic32mx/lib\libc.a(doprnt_cdfFnopuxX.eo)
 .comment       0x00000000       0x3d e:/software/pic32/bin/bin/../../lib/gcc/pic32mx/4.8.3/../../../../pic32mx/lib\libc.a(_fputc_simple.o)
 .comment       0x0000003c       0x4e e:/software/pic32/bin/bin/../../lib/gcc/pic32mx/4.8.3/../../../../pic32mx/lib\libc.a(ctype.o)
                                 0x8b (size before relaxing)
 .comment       0x00000000       0x3d e:/software/pic32/bin/bin/../../lib/gcc/pic32mx/4.8.3/../../../../pic32mx/lib\libc.a(ldpowers.o)
 .comment       0x00000000       0x3d e:/software/pic32/bin/bin/../../lib/gcc/pic32mx/4.8.3/../../../../pic32mx/lib\libc.a(_iob.o)
 .comment       0x00000000       0x3d e:/software/pic32/bin/bin/../../lib/gcc/pic32mx/4.8.3/../../../../pic32mx/lib\libc.a(_flsbuf_simple.o)
 .comment       0x0000008a       0x9f e:/software/pic32/bin/bin/../../lib/gcc/pic32mx/4.8.3/../../../../pic32mx/lib\libe.a(_fixunsdfdi.o)
                                 0xdc (size before relaxing)
 .comment       0x00000129       0x50 e:/software/pic32/bin/bin/../../lib/gcc/pic32mx/4.8.3/../../../../pic32mx/lib\libe.a(_orderdf2.o)
                                 0xdb (size before relaxing)
 .comment       0x00000179       0x50 e:/software/pic32/bin/bin/../../lib/gcc/pic32mx/4.8.3/../../../../pic32mx/lib\libe.a(_fixdfdi.o)
                                 0xdb (size before relaxing)
 .comment       0x00000000       0x3d e:/software/pic32/bin/bin/../../lib/gcc/pic32mx/4.8.3\libgcc.a(_floatundidf.o)
 .comment       0x00000000       0x3d e:/software/pic32/bin/bin/../../lib/gcc/pic32mx/4.8.3\libgcc.a(_udivdi3.o)
 .comment       0x00000000       0x3d e:/software/pic32/bin/bin/../../lib/gcc/pic32mx/4.8.3\libgcc.a(_umoddi3.o)
 .comment       0x00000000       0x3d e:/software/pic32/bin/bin/../../lib/gcc/pic32mx/4.8.3\libgcc.a(floatunsidf.o)
 .comment       0x00000000       0x3d e:/software/pic32/bin/bin/../../lib/gcc/pic32mx/4.8.3/../../../../pic32mx/lib\libpic32.a(write.o)
 .comment       0x00000000       0x3d e:/software/pic32/bin/bin/../../lib/gcc/pic32mx/4.8.3/../../../../pic32mx/lib\libpic32.a(_mon_putc.o)
 .comment       0x00000000       0x3d e:/software/pic32/bin/bin/../../lib/gcc/pic32mx/4.8.3/../../../../pic32mx/lib\libpic32.a(xc32_uart.o)

.debug
 *(.debug)

.line
 *(.line)

.debug_srcinfo
 *(.debug_srcinfo)

.debug_sfnames
 *(.debug_sfnames)

.debug_aranges  0x00000000      0xa28
 *(.debug_aranges)
 .debug_aranges
                0x00000000       0x50 build/default/production/_ext/639803181/sys_clk_pic32mx.o
 .debug_aranges
                0x00000050       0x78 build/default/production/_ext/340578644/sys_devcon.o
 .debug_aranges
                0x000000c8       0x20 build/default/production/_ext/340578644/sys_devcon_pic32mx.o
 .debug_aranges
                0x000000e8      0x148 build/default/production/_ext/822048611/sys_ports_static.o
 .debug_aranges
                0x00000230       0x20 build/default/production/_ext/1688732426/system_init.o
 .debug_aranges
                0x00000250       0x20 build/default/production/_ext/1688732426/system_interrupt.o
 .debug_aranges
                0x00000270       0x20 build/default/production/_ext/1688732426/system_exceptions.o
 .debug_aranges
                0x00000290       0x20 build/default/production/_ext/1688732426/system_tasks.o
 .debug_aranges
                0x000002b0       0x40 build/default/production/_ext/1360937237/app.o
 .debug_aranges
                0x000002f0       0x20 build/default/production/_ext/1360937237/main.o
 .debug_aranges
                0x00000310       0x90 build/default/production/_ext/1360937237/ST7735.o
 .debug_aranges
                0x000003a0       0x50 build/default/production/_ext/1360937237/i2c_master_noint.o
 .debug_aranges
                0x000003f0       0x60 build/default/production/_ext/1360937237/imc.o
 .debug_aranges
                0x00000450       0x60 build/default/production/_ext/708110637/drv_usbfs.o
 .debug_aranges
                0x000004b0       0xc0 build/default/production/_ext/708110637/drv_usbfs_device.o
 .debug_aranges
                0x00000570       0x48 build/default/production/_ext/191266835/sys_int_pic32.o
 .debug_aranges
                0x000005b8      0x1a0 build/default/production/_ext/1756207072/usb_device.o
 .debug_aranges
                0x00000758       0x88 build/default/production/_ext/1756207072/usb_device_cdc.o
 .debug_aranges
                0x000007e0       0x20 build/default/production/_ext/1756207072/usb_device_cdc_acm.o
 .debug_aranges
                0x00000800       0x20 e:/software/pic32/bin/bin/../../lib/gcc/pic32mx/4.8.3/../../../../pic32mx/lib\libpic32.a(default-bootstrap-exception-handler.o)
 .debug_aranges
                0x00000820       0x20 e:/software/pic32/bin/bin/../../lib/gcc/pic32mx/4.8.3/../../../../pic32mx/lib\libpic32.a(default-on-reset.o)
 .debug_aranges
                0x00000840       0x20 e:/software/pic32/bin/bin/../../lib/gcc/pic32mx/4.8.3/../../../../pic32mx/lib\libpic32.a(default-on-bootstrap.o)
 .debug_aranges
                0x00000860       0x20 e:/software/pic32/bin/bin/../../lib/gcc/pic32mx/4.8.3/../../../../pic32mx/lib\libpic32.a(defaultinterrupt.o)
 .debug_aranges
                0x00000880       0x20 e:/software/pic32/bin/bin/../../lib/gcc/pic32mx/4.8.3/../../../../pic32mx/lib\libc.a(sprintf_cdfFnopuxX.eo)
 .debug_aranges
                0x000008a0       0x28 e:/software/pic32/bin/bin/../../lib/gcc/pic32mx/4.8.3/../../../../pic32mx/lib\libc.a(doprnt_cdfFnopuxX.eo)
 .debug_aranges
                0x000008c8       0x20 e:/software/pic32/bin/bin/../../lib/gcc/pic32mx/4.8.3/../../../../pic32mx/lib\libc.a(_fputc_simple.o)
 .debug_aranges
                0x000008e8       0x20 e:/software/pic32/bin/bin/../../lib/gcc/pic32mx/4.8.3/../../../../pic32mx/lib\libc.a(_flsbuf_simple.o)
 .debug_aranges
                0x00000908       0x20 e:/software/pic32/bin/bin/../../lib/gcc/pic32mx/4.8.3/../../../../pic32mx/lib\libe.a(_fixunsdfdi.o)
 .debug_aranges
                0x00000928       0x20 e:/software/pic32/bin/bin/../../lib/gcc/pic32mx/4.8.3/../../../../pic32mx/lib\libe.a(_orderdf2.o)
 .debug_aranges
                0x00000948       0x20 e:/software/pic32/bin/bin/../../lib/gcc/pic32mx/4.8.3/../../../../pic32mx/lib\libe.a(_fixdfdi.o)
 .debug_aranges
                0x00000968       0x20 e:/software/pic32/bin/bin/../../lib/gcc/pic32mx/4.8.3\libgcc.a(_floatundidf.o)
 .debug_aranges
                0x00000988       0x20 e:/software/pic32/bin/bin/../../lib/gcc/pic32mx/4.8.3\libgcc.a(_udivdi3.o)
 .debug_aranges
                0x000009a8       0x20 e:/software/pic32/bin/bin/../../lib/gcc/pic32mx/4.8.3\libgcc.a(_umoddi3.o)
 .debug_aranges
                0x000009c8       0x20 e:/software/pic32/bin/bin/../../lib/gcc/pic32mx/4.8.3\libgcc.a(floatunsidf.o)
 .debug_aranges
                0x000009e8       0x20 e:/software/pic32/bin/bin/../../lib/gcc/pic32mx/4.8.3/../../../../pic32mx/lib\libpic32.a(write.o)
 .debug_aranges
                0x00000a08       0x20 e:/software/pic32/bin/bin/../../lib/gcc/pic32mx/4.8.3/../../../../pic32mx/lib\libpic32.a(_mon_putc.o)

.debug_pubnames
 *(.debug_pubnames)

.debug_info     0x00000000    0x2e52c
 *(.debug_info .gnu.linkonce.wi.*)
 .debug_info    0x00000000     0x188a build/default/production/_ext/639803181/sys_clk_pic32mx.o
 .debug_info    0x0000188a     0x1651 build/default/production/_ext/340578644/sys_devcon.o
 .debug_info    0x00002edb     0x105f build/default/production/_ext/340578644/sys_devcon_pic32mx.o
 .debug_info    0x00003f3a     0x3798 build/default/production/_ext/822048611/sys_ports_static.o
 .debug_info    0x000076d2     0x4bfa build/default/production/_ext/1688732426/system_init.o
 .debug_info    0x0000c2cc      0xbff build/default/production/_ext/1688732426/system_interrupt.o
 .debug_info    0x0000cecb     0x11c4 build/default/production/_ext/1688732426/system_exceptions.o
 .debug_info    0x0000e08f      0xc31 build/default/production/_ext/1688732426/system_tasks.o
 .debug_info    0x0000ecc0     0x2b50 build/default/production/_ext/1360937237/app.o
 .debug_info    0x00011810      0x19a build/default/production/_ext/1360937237/main.o
 .debug_info    0x000119aa     0x194f build/default/production/_ext/1360937237/ST7735.o
 .debug_info    0x000132f9      0x5aa build/default/production/_ext/1360937237/i2c_master_noint.o
 .debug_info    0x000138a3      0x810 build/default/production/_ext/1360937237/imc.o
 .debug_info    0x000140b3     0x4998 build/default/production/_ext/708110637/drv_usbfs.o
 .debug_info    0x00018a4b     0x7f0f build/default/production/_ext/708110637/drv_usbfs_device.o
 .debug_info    0x0002095a     0x111b build/default/production/_ext/191266835/sys_int_pic32.o
 .debug_info    0x00021a75     0x5c71 build/default/production/_ext/1756207072/usb_device.o
 .debug_info    0x000276e6     0x3c06 build/default/production/_ext/1756207072/usb_device_cdc.o
 .debug_info    0x0002b2ec     0x14d2 build/default/production/_ext/1756207072/usb_device_cdc_acm.o
 .debug_info    0x0002c7be       0xf5 e:/software/pic32/bin/bin/../../lib/gcc/pic32mx/4.8.3/../../../../pic32mx/lib\libpic32.a(default-bootstrap-exception-handler.o)
 .debug_info    0x0002c8b3       0xce e:/software/pic32/bin/bin/../../lib/gcc/pic32mx/4.8.3/../../../../pic32mx/lib\libpic32.a(default-on-reset.o)
 .debug_info    0x0002c981       0xd6 e:/software/pic32/bin/bin/../../lib/gcc/pic32mx/4.8.3/../../../../pic32mx/lib\libpic32.a(default-on-bootstrap.o)
 .debug_info    0x0002ca57       0xe8 e:/software/pic32/bin/bin/../../lib/gcc/pic32mx/4.8.3/../../../../pic32mx/lib\libpic32.a(defaultinterrupt.o)
 .debug_info    0x0002cb3f       0xd4 e:/software/pic32/bin/bin/../../lib/gcc/pic32mx/4.8.3/../../../../pic32mx/lib\libc.a(sprintf_cdfFnopuxX.eo)
 .debug_info    0x0002cc13       0xfc e:/software/pic32/bin/bin/../../lib/gcc/pic32mx/4.8.3/../../../../pic32mx/lib\libc.a(doprnt_cdfFnopuxX.eo)
 .debug_info    0x0002cd0f       0xc4 e:/software/pic32/bin/bin/../../lib/gcc/pic32mx/4.8.3/../../../../pic32mx/lib\libc.a(_fputc_simple.o)
 .debug_info    0x0002cdd3       0xc7 e:/software/pic32/bin/bin/../../lib/gcc/pic32mx/4.8.3/../../../../pic32mx/lib\libc.a(_flsbuf_simple.o)
 .debug_info    0x0002ce9a       0xcf e:/software/pic32/bin/bin/../../lib/gcc/pic32mx/4.8.3/../../../../pic32mx/lib\libe.a(_fixunsdfdi.o)
 .debug_info    0x0002cf69       0xbb e:/software/pic32/bin/bin/../../lib/gcc/pic32mx/4.8.3/../../../../pic32mx/lib\libe.a(_orderdf2.o)
 .debug_info    0x0002d024       0xba e:/software/pic32/bin/bin/../../lib/gcc/pic32mx/4.8.3/../../../../pic32mx/lib\libe.a(_fixdfdi.o)
 .debug_info    0x0002d0de      0x269 e:/software/pic32/bin/bin/../../lib/gcc/pic32mx/4.8.3\libgcc.a(_floatundidf.o)
 .debug_info    0x0002d347      0x76f e:/software/pic32/bin/bin/../../lib/gcc/pic32mx/4.8.3\libgcc.a(_udivdi3.o)
 .debug_info    0x0002dab6      0x7ac e:/software/pic32/bin/bin/../../lib/gcc/pic32mx/4.8.3\libgcc.a(_umoddi3.o)
 .debug_info    0x0002e262      0x142 e:/software/pic32/bin/bin/../../lib/gcc/pic32mx/4.8.3\libgcc.a(floatunsidf.o)
 .debug_info    0x0002e3a4       0xc0 e:/software/pic32/bin/bin/../../lib/gcc/pic32mx/4.8.3/../../../../pic32mx/lib\libpic32.a(write.o)
 .debug_info    0x0002e464       0xc8 e:/software/pic32/bin/bin/../../lib/gcc/pic32mx/4.8.3/../../../../pic32mx/lib\libpic32.a(_mon_putc.o)

.debug_abbrev   0x00000000     0x32a7
 *(.debug_abbrev)
 .debug_abbrev  0x00000000      0x26b build/default/production/_ext/639803181/sys_clk_pic32mx.o
 .debug_abbrev  0x0000026b      0x2a0 build/default/production/_ext/340578644/sys_devcon.o
 .debug_abbrev  0x0000050b      0x204 build/default/production/_ext/340578644/sys_devcon_pic32mx.o
 .debug_abbrev  0x0000070f      0x29e build/default/production/_ext/822048611/sys_ports_static.o
 .debug_abbrev  0x000009ad      0x346 build/default/production/_ext/1688732426/system_init.o
 .debug_abbrev  0x00000cf3      0x107 build/default/production/_ext/1688732426/system_interrupt.o
 .debug_abbrev  0x00000dfa       0xfc build/default/production/_ext/1688732426/system_exceptions.o
 .debug_abbrev  0x00000ef6      0x11a build/default/production/_ext/1688732426/system_tasks.o
 .debug_abbrev  0x00001010      0x2fb build/default/production/_ext/1360937237/app.o
 .debug_abbrev  0x0000130b       0x93 build/default/production/_ext/1360937237/main.o
 .debug_abbrev  0x0000139e      0x1f1 build/default/production/_ext/1360937237/ST7735.o
 .debug_abbrev  0x0000158f       0xfa build/default/production/_ext/1360937237/i2c_master_noint.o
 .debug_abbrev  0x00001689      0x16a build/default/production/_ext/1360937237/imc.o
 .debug_abbrev  0x000017f3      0x42b build/default/production/_ext/708110637/drv_usbfs.o
 .debug_abbrev  0x00001c1e      0x4bc build/default/production/_ext/708110637/drv_usbfs_device.o
 .debug_abbrev  0x000020da      0x237 build/default/production/_ext/191266835/sys_int_pic32.o
 .debug_abbrev  0x00002311      0x42f build/default/production/_ext/1756207072/usb_device.o
 .debug_abbrev  0x00002740      0x40b build/default/production/_ext/1756207072/usb_device_cdc.o
 .debug_abbrev  0x00002b4b      0x1e3 build/default/production/_ext/1756207072/usb_device_cdc_acm.o
 .debug_abbrev  0x00002d2e       0x28 e:/software/pic32/bin/bin/../../lib/gcc/pic32mx/4.8.3/../../../../pic32mx/lib\libpic32.a(default-bootstrap-exception-handler.o)
 .debug_abbrev  0x00002d56       0x28 e:/software/pic32/bin/bin/../../lib/gcc/pic32mx/4.8.3/../../../../pic32mx/lib\libpic32.a(default-on-reset.o)
 .debug_abbrev  0x00002d7e       0x28 e:/software/pic32/bin/bin/../../lib/gcc/pic32mx/4.8.3/../../../../pic32mx/lib\libpic32.a(default-on-bootstrap.o)
 .debug_abbrev  0x00002da6       0x28 e:/software/pic32/bin/bin/../../lib/gcc/pic32mx/4.8.3/../../../../pic32mx/lib\libpic32.a(defaultinterrupt.o)
 .debug_abbrev  0x00002dce       0x28 e:/software/pic32/bin/bin/../../lib/gcc/pic32mx/4.8.3/../../../../pic32mx/lib\libc.a(sprintf_cdfFnopuxX.eo)
 .debug_abbrev  0x00002df6       0x45 e:/software/pic32/bin/bin/../../lib/gcc/pic32mx/4.8.3/../../../../pic32mx/lib\libc.a(doprnt_cdfFnopuxX.eo)
 .debug_abbrev  0x00002e3b       0x28 e:/software/pic32/bin/bin/../../lib/gcc/pic32mx/4.8.3/../../../../pic32mx/lib\libc.a(_fputc_simple.o)
 .debug_abbrev  0x00002e63       0x28 e:/software/pic32/bin/bin/../../lib/gcc/pic32mx/4.8.3/../../../../pic32mx/lib\libc.a(_flsbuf_simple.o)
 .debug_abbrev  0x00002e8b       0x37 e:/software/pic32/bin/bin/../../lib/gcc/pic32mx/4.8.3/../../../../pic32mx/lib\libe.a(_fixunsdfdi.o)
 .debug_abbrev  0x00002ec2       0x28 e:/software/pic32/bin/bin/../../lib/gcc/pic32mx/4.8.3/../../../../pic32mx/lib\libe.a(_orderdf2.o)
 .debug_abbrev  0x00002eea       0x28 e:/software/pic32/bin/bin/../../lib/gcc/pic32mx/4.8.3/../../../../pic32mx/lib\libe.a(_fixdfdi.o)
 .debug_abbrev  0x00002f12       0x64 e:/software/pic32/bin/bin/../../lib/gcc/pic32mx/4.8.3\libgcc.a(_floatundidf.o)
 .debug_abbrev  0x00002f76      0x138 e:/software/pic32/bin/bin/../../lib/gcc/pic32mx/4.8.3\libgcc.a(_udivdi3.o)
 .debug_abbrev  0x000030ae      0x147 e:/software/pic32/bin/bin/../../lib/gcc/pic32mx/4.8.3\libgcc.a(_umoddi3.o)
 .debug_abbrev  0x000031f5       0x62 e:/software/pic32/bin/bin/../../lib/gcc/pic32mx/4.8.3\libgcc.a(floatunsidf.o)
 .debug_abbrev  0x00003257       0x28 e:/software/pic32/bin/bin/../../lib/gcc/pic32mx/4.8.3/../../../../pic32mx/lib\libpic32.a(write.o)
 .debug_abbrev  0x0000327f       0x28 e:/software/pic32/bin/bin/../../lib/gcc/pic32mx/4.8.3/../../../../pic32mx/lib\libpic32.a(_mon_putc.o)

.debug_line     0x00000000     0x59e2
 *(.debug_line)
 .debug_line    0x00000000      0x3fe build/default/production/_ext/639803181/sys_clk_pic32mx.o
 .debug_line    0x000003fe      0x5a2 build/default/production/_ext/340578644/sys_devcon.o
 .debug_line    0x000009a0      0x317 build/default/production/_ext/340578644/sys_devcon_pic32mx.o
 .debug_line    0x00000cb7      0x77f build/default/production/_ext/822048611/sys_ports_static.o
 .debug_line    0x00001436      0x5a8 build/default/production/_ext/1688732426/system_init.o
 .debug_line    0x000019de      0x188 build/default/production/_ext/1688732426/system_interrupt.o
 .debug_line    0x00001b66      0x13d build/default/production/_ext/1688732426/system_exceptions.o
 .debug_line    0x00001ca3      0x1f5 build/default/production/_ext/1688732426/system_tasks.o
 .debug_line    0x00001e98      0x308 build/default/production/_ext/1360937237/app.o
 .debug_line    0x000021a0       0xad build/default/production/_ext/1360937237/main.o
 .debug_line    0x0000224d      0x2fa build/default/production/_ext/1360937237/ST7735.o
 .debug_line    0x00002547      0x126 build/default/production/_ext/1360937237/i2c_master_noint.o
 .debug_line    0x0000266d      0x166 build/default/production/_ext/1360937237/imc.o
 .debug_line    0x000027d3      0x6c5 build/default/production/_ext/708110637/drv_usbfs.o
 .debug_line    0x00002e98      0xd31 build/default/production/_ext/708110637/drv_usbfs_device.o
 .debug_line    0x00003bc9      0x27d build/default/production/_ext/191266835/sys_int_pic32.o
 .debug_line    0x00003e46      0x96e build/default/production/_ext/1756207072/usb_device.o
 .debug_line    0x000047b4      0x5d2 build/default/production/_ext/1756207072/usb_device_cdc.o
 .debug_line    0x00004d86      0x1f6 build/default/production/_ext/1756207072/usb_device_cdc_acm.o
 .debug_line    0x00004f7c       0xa7 e:/software/pic32/bin/bin/../../lib/gcc/pic32mx/4.8.3/../../../../pic32mx/lib\libpic32.a(default-bootstrap-exception-handler.o)
 .debug_line    0x00005023       0x94 e:/software/pic32/bin/bin/../../lib/gcc/pic32mx/4.8.3/../../../../pic32mx/lib\libpic32.a(default-on-reset.o)
 .debug_line    0x000050b7       0x98 e:/software/pic32/bin/bin/../../lib/gcc/pic32mx/4.8.3/../../../../pic32mx/lib\libpic32.a(default-on-bootstrap.o)
 .debug_line    0x0000514f       0xa6 e:/software/pic32/bin/bin/../../lib/gcc/pic32mx/4.8.3/../../../../pic32mx/lib\libpic32.a(defaultinterrupt.o)
 .debug_line    0x000051f5       0x81 e:/software/pic32/bin/bin/../../lib/gcc/pic32mx/4.8.3/../../../../pic32mx/lib\libc.a(sprintf_cdfFnopuxX.eo)
 .debug_line    0x00005276       0x80 e:/software/pic32/bin/bin/../../lib/gcc/pic32mx/4.8.3/../../../../pic32mx/lib\libc.a(doprnt_cdfFnopuxX.eo)
 .debug_line    0x000052f6       0x7f e:/software/pic32/bin/bin/../../lib/gcc/pic32mx/4.8.3/../../../../pic32mx/lib\libc.a(_fputc_simple.o)
 .debug_line    0x00005375        0x0 e:/software/pic32/bin/bin/../../lib/gcc/pic32mx/4.8.3/../../../../pic32mx/lib\libc.a(ctype.o)
 .debug_line    0x00005375        0x0 e:/software/pic32/bin/bin/../../lib/gcc/pic32mx/4.8.3/../../../../pic32mx/lib\libc.a(ldpowers.o)
 .debug_line    0x00005375        0x0 e:/software/pic32/bin/bin/../../lib/gcc/pic32mx/4.8.3/../../../../pic32mx/lib\libc.a(_iob.o)
 .debug_line    0x00005375       0x80 e:/software/pic32/bin/bin/../../lib/gcc/pic32mx/4.8.3/../../../../pic32mx/lib\libc.a(_flsbuf_simple.o)
 .debug_line    0x000053f5       0x83 e:/software/pic32/bin/bin/../../lib/gcc/pic32mx/4.8.3/../../../../pic32mx/lib\libe.a(_fixunsdfdi.o)
 .debug_line    0x00005478       0x82 e:/software/pic32/bin/bin/../../lib/gcc/pic32mx/4.8.3/../../../../pic32mx/lib\libe.a(_orderdf2.o)
 .debug_line    0x000054fa       0x82 e:/software/pic32/bin/bin/../../lib/gcc/pic32mx/4.8.3/../../../../pic32mx/lib\libe.a(_fixdfdi.o)
 .debug_line    0x0000557c       0xab e:/software/pic32/bin/bin/../../lib/gcc/pic32mx/4.8.3\libgcc.a(_floatundidf.o)
 .debug_line    0x00005627       0xfd e:/software/pic32/bin/bin/../../lib/gcc/pic32mx/4.8.3\libgcc.a(_udivdi3.o)
 .debug_line    0x00005724      0x10f e:/software/pic32/bin/bin/../../lib/gcc/pic32mx/4.8.3\libgcc.a(_umoddi3.o)
 .debug_line    0x00005833       0x99 e:/software/pic32/bin/bin/../../lib/gcc/pic32mx/4.8.3\libgcc.a(floatunsidf.o)
 .debug_line    0x000058cc       0x89 e:/software/pic32/bin/bin/../../lib/gcc/pic32mx/4.8.3/../../../../pic32mx/lib\libpic32.a(write.o)
 .debug_line    0x00005955       0x8d e:/software/pic32/bin/bin/../../lib/gcc/pic32mx/4.8.3/../../../../pic32mx/lib\libpic32.a(_mon_putc.o)
 .debug_line    0x000059e2        0x0 e:/software/pic32/bin/bin/../../lib/gcc/pic32mx/4.8.3/../../../../pic32mx/lib\libpic32.a(xc32_uart.o)

.debug_frame    0x00000000     0x1574
 *(.debug_frame)
 .debug_frame   0x00000000       0xa0 build/default/production/_ext/639803181/sys_clk_pic32mx.o
 .debug_frame   0x000000a0       0xe8 build/default/production/_ext/340578644/sys_devcon.o
 .debug_frame   0x00000188       0x28 build/default/production/_ext/340578644/sys_devcon_pic32mx.o
 .debug_frame   0x000001b0      0x270 build/default/production/_ext/822048611/sys_ports_static.o
 .debug_frame   0x00000420       0x28 build/default/production/_ext/1688732426/system_init.o
 .debug_frame   0x00000448       0x64 build/default/production/_ext/1688732426/system_interrupt.o
 .debug_frame   0x000004ac       0x28 build/default/production/_ext/1688732426/system_exceptions.o
 .debug_frame   0x000004d4       0x28 build/default/production/_ext/1688732426/system_tasks.o
 .debug_frame   0x000004fc       0x98 build/default/production/_ext/1360937237/app.o
 .debug_frame   0x00000594       0x28 build/default/production/_ext/1360937237/main.o
 .debug_frame   0x000005bc      0x1d8 build/default/production/_ext/1360937237/ST7735.o
 .debug_frame   0x00000794       0x80 build/default/production/_ext/1360937237/i2c_master_noint.o
 .debug_frame   0x00000814       0xf0 build/default/production/_ext/1360937237/imc.o
 .debug_frame   0x00000904       0xc8 build/default/production/_ext/708110637/drv_usbfs.o
 .debug_frame   0x000009cc      0x1e0 build/default/production/_ext/708110637/drv_usbfs_device.o
 .debug_frame   0x00000bac       0x90 build/default/production/_ext/191266835/sys_int_pic32.o
 .debug_frame   0x00000c3c      0x4d8 build/default/production/_ext/1756207072/usb_device.o
 .debug_frame   0x00001114      0x17c build/default/production/_ext/1756207072/usb_device_cdc.o
 .debug_frame   0x00001290       0x28 build/default/production/_ext/1756207072/usb_device_cdc_acm.o
 .debug_frame   0x000012b8       0x2c e:/software/pic32/bin/bin/../../lib/gcc/pic32mx/4.8.3/../../../../pic32mx/lib\libpic32.a(default-bootstrap-exception-handler.o)
 .debug_frame   0x000012e4       0x20 e:/software/pic32/bin/bin/../../lib/gcc/pic32mx/4.8.3/../../../../pic32mx/lib\libpic32.a(default-on-reset.o)
 .debug_frame   0x00001304       0x20 e:/software/pic32/bin/bin/../../lib/gcc/pic32mx/4.8.3/../../../../pic32mx/lib\libpic32.a(default-on-bootstrap.o)
 .debug_frame   0x00001324       0x20 e:/software/pic32/bin/bin/../../lib/gcc/pic32mx/4.8.3/../../../../pic32mx/lib\libpic32.a(defaultinterrupt.o)
 .debug_frame   0x00001344       0x28 e:/software/pic32/bin/bin/../../lib/gcc/pic32mx/4.8.3/../../../../pic32mx/lib\libc.a(sprintf_cdfFnopuxX.eo)
 .debug_frame   0x0000136c       0x58 e:/software/pic32/bin/bin/../../lib/gcc/pic32mx/4.8.3/../../../../pic32mx/lib\libc.a(doprnt_cdfFnopuxX.eo)
 .debug_frame   0x000013c4       0x2c e:/software/pic32/bin/bin/../../lib/gcc/pic32mx/4.8.3/../../../../pic32mx/lib\libc.a(_fputc_simple.o)
 .debug_frame   0x000013f0       0x28 e:/software/pic32/bin/bin/../../lib/gcc/pic32mx/4.8.3/../../../../pic32mx/lib\libc.a(_flsbuf_simple.o)
 .debug_frame   0x00001418       0x2c e:/software/pic32/bin/bin/../../lib/gcc/pic32mx/4.8.3/../../../../pic32mx/lib\libe.a(_fixunsdfdi.o)
 .debug_frame   0x00001444       0x20 e:/software/pic32/bin/bin/../../lib/gcc/pic32mx/4.8.3/../../../../pic32mx/lib\libe.a(_orderdf2.o)
 .debug_frame   0x00001464       0x20 e:/software/pic32/bin/bin/../../lib/gcc/pic32mx/4.8.3/../../../../pic32mx/lib\libe.a(_fixdfdi.o)
 .debug_frame   0x00001484       0x28 e:/software/pic32/bin/bin/../../lib/gcc/pic32mx/4.8.3\libgcc.a(_floatundidf.o)
 .debug_frame   0x000014ac       0x20 e:/software/pic32/bin/bin/../../lib/gcc/pic32mx/4.8.3\libgcc.a(_udivdi3.o)
 .debug_frame   0x000014cc       0x20 e:/software/pic32/bin/bin/../../lib/gcc/pic32mx/4.8.3\libgcc.a(_umoddi3.o)
 .debug_frame   0x000014ec       0x28 e:/software/pic32/bin/bin/../../lib/gcc/pic32mx/4.8.3\libgcc.a(floatunsidf.o)
 .debug_frame   0x00001514       0x38 e:/software/pic32/bin/bin/../../lib/gcc/pic32mx/4.8.3/../../../../pic32mx/lib\libpic32.a(write.o)
 .debug_frame   0x0000154c       0x28 e:/software/pic32/bin/bin/../../lib/gcc/pic32mx/4.8.3/../../../../pic32mx/lib\libpic32.a(_mon_putc.o)

.debug_str      0x00000000      0x90b
 *(.debug_str)
 .debug_str     0x00000000       0x46 build/default/production/_ext/639803181/sys_clk_pic32mx.o
 .debug_str     0x00000046       0x16 build/default/production/_ext/340578644/sys_devcon.o
 .debug_str     0x0000005c        0x6 build/default/production/_ext/340578644/sys_devcon_pic32mx.o
 .debug_str     0x00000062       0x98 build/default/production/_ext/822048611/sys_ports_static.o
 .debug_str     0x000000fa      0x119 build/default/production/_ext/1688732426/system_init.o
 .debug_str     0x00000213        0x0 build/default/production/_ext/1688732426/system_interrupt.o
 .debug_str     0x00000213        0x0 build/default/production/_ext/1688732426/system_exceptions.o
 .debug_str     0x00000213        0x0 build/default/production/_ext/1688732426/system_tasks.o
 .debug_str     0x00000213       0x2c build/default/production/_ext/1360937237/app.o
 .debug_str     0x0000023f        0x0 build/default/production/_ext/1360937237/main.o
 .debug_str     0x0000023f       0x1c build/default/production/_ext/1360937237/ST7735.o
 .debug_str     0x0000025b        0x0 build/default/production/_ext/1360937237/i2c_master_noint.o
 .debug_str     0x0000025b       0x79 build/default/production/_ext/1360937237/imc.o
 .debug_str     0x000002d4       0xa2 build/default/production/_ext/708110637/drv_usbfs.o
 .debug_str     0x00000376      0x173 build/default/production/_ext/708110637/drv_usbfs_device.o
 .debug_str     0x000004e9       0x1d build/default/production/_ext/191266835/sys_int_pic32.o
 .debug_str     0x00000506      0x2d7 build/default/production/_ext/1756207072/usb_device.o
 .debug_str     0x000007dd      0x120 build/default/production/_ext/1756207072/usb_device_cdc.o
 .debug_str     0x000008fd        0xe build/default/production/_ext/1756207072/usb_device_cdc_acm.o
 .debug_str     0x0000090b        0x0 e:/software/pic32/bin/bin/../../lib/gcc/pic32mx/4.8.3/../../../../pic32mx/lib\libpic32.a(default-bootstrap-exception-handler.o)
 .debug_str     0x0000090b        0x0 e:/software/pic32/bin/bin/../../lib/gcc/pic32mx/4.8.3/../../../../pic32mx/lib\libpic32.a(default-on-reset.o)
 .debug_str     0x0000090b        0x0 e:/software/pic32/bin/bin/../../lib/gcc/pic32mx/4.8.3/../../../../pic32mx/lib\libpic32.a(default-on-bootstrap.o)
 .debug_str     0x0000090b        0x0 e:/software/pic32/bin/bin/../../lib/gcc/pic32mx/4.8.3/../../../../pic32mx/lib\libpic32.a(defaultinterrupt.o)
 .debug_str     0x0000090b        0x0 e:/software/pic32/bin/bin/../../lib/gcc/pic32mx/4.8.3/../../../../pic32mx/lib\libc.a(sprintf_cdfFnopuxX.eo)
 .debug_str     0x0000090b        0x0 e:/software/pic32/bin/bin/../../lib/gcc/pic32mx/4.8.3/../../../../pic32mx/lib\libc.a(doprnt_cdfFnopuxX.eo)
 .debug_str     0x0000090b        0x0 e:/software/pic32/bin/bin/../../lib/gcc/pic32mx/4.8.3/../../../../pic32mx/lib\libc.a(_fputc_simple.o)
 .debug_str     0x0000090b        0x0 e:/software/pic32/bin/bin/../../lib/gcc/pic32mx/4.8.3/../../../../pic32mx/lib\libc.a(ctype.o)
 .debug_str     0x0000090b        0x0 e:/software/pic32/bin/bin/../../lib/gcc/pic32mx/4.8.3/../../../../pic32mx/lib\libc.a(ldpowers.o)
 .debug_str     0x0000090b        0x0 e:/software/pic32/bin/bin/../../lib/gcc/pic32mx/4.8.3/../../../../pic32mx/lib\libc.a(_iob.o)
 .debug_str     0x0000090b        0x0 e:/software/pic32/bin/bin/../../lib/gcc/pic32mx/4.8.3/../../../../pic32mx/lib\libc.a(_flsbuf_simple.o)
 .debug_str     0x0000090b        0x0 e:/software/pic32/bin/bin/../../lib/gcc/pic32mx/4.8.3/../../../../pic32mx/lib\libe.a(_fixunsdfdi.o)
 .debug_str     0x0000090b        0x0 e:/software/pic32/bin/bin/../../lib/gcc/pic32mx/4.8.3/../../../../pic32mx/lib\libe.a(_orderdf2.o)
 .debug_str     0x0000090b        0x0 e:/software/pic32/bin/bin/../../lib/gcc/pic32mx/4.8.3/../../../../pic32mx/lib\libe.a(_fixdfdi.o)
 .debug_str     0x0000090b        0x0 e:/software/pic32/bin/bin/../../lib/gcc/pic32mx/4.8.3\libgcc.a(_floatundidf.o)
 .debug_str     0x0000090b        0x0 e:/software/pic32/bin/bin/../../lib/gcc/pic32mx/4.8.3\libgcc.a(_udivdi3.o)
 .debug_str     0x0000090b        0x0 e:/software/pic32/bin/bin/../../lib/gcc/pic32mx/4.8.3\libgcc.a(_umoddi3.o)
 .debug_str     0x0000090b        0x0 e:/software/pic32/bin/bin/../../lib/gcc/pic32mx/4.8.3\libgcc.a(floatunsidf.o)
 .debug_str     0x0000090b        0x0 e:/software/pic32/bin/bin/../../lib/gcc/pic32mx/4.8.3/../../../../pic32mx/lib\libpic32.a(write.o)
 .debug_str     0x0000090b        0x0 e:/software/pic32/bin/bin/../../lib/gcc/pic32mx/4.8.3/../../../../pic32mx/lib\libpic32.a(_mon_putc.o)
 .debug_str     0x0000090b        0x0 e:/software/pic32/bin/bin/../../lib/gcc/pic32mx/4.8.3/../../../../pic32mx/lib\libpic32.a(xc32_uart.o)

.debug_loc      0x00000000     0x8954
 *(.debug_loc)
 .debug_loc     0x00000000       0x49 build/default/production/_ext/639803181/sys_clk_pic32mx.o
 .debug_loc     0x00000049       0xf0 build/default/production/_ext/340578644/sys_devcon.o
 .debug_loc     0x00000139       0x91 build/default/production/_ext/340578644/sys_devcon_pic32mx.o
 .debug_loc     0x000001ca      0x7ba build/default/production/_ext/822048611/sys_ports_static.o
 .debug_loc     0x00000984       0x21 build/default/production/_ext/1688732426/system_init.o
 .debug_loc     0x000009a5      0x426 build/default/production/_ext/1360937237/app.o
 .debug_loc     0x00000dcb      0xb28 build/default/production/_ext/1360937237/ST7735.o
 .debug_loc     0x000018f3       0x21 build/default/production/_ext/1360937237/i2c_master_noint.o
 .debug_loc     0x00001914      0x323 build/default/production/_ext/1360937237/imc.o
 .debug_loc     0x00001c37      0x4de build/default/production/_ext/708110637/drv_usbfs.o
 .debug_loc     0x00002115     0x2301 build/default/production/_ext/708110637/drv_usbfs_device.o
 .debug_loc     0x00004416       0x7c build/default/production/_ext/191266835/sys_int_pic32.o
 .debug_loc     0x00004492     0x1f0b build/default/production/_ext/1756207072/usb_device.o
 .debug_loc     0x0000639d      0xdac build/default/production/_ext/1756207072/usb_device_cdc.o
 .debug_loc     0x00007149      0x1ff build/default/production/_ext/1756207072/usb_device_cdc_acm.o
 .debug_loc     0x00007348       0x2c e:/software/pic32/bin/bin/../../lib/gcc/pic32mx/4.8.3/../../../../pic32mx/lib\libpic32.a(default-bootstrap-exception-handler.o)
 .debug_loc     0x00007374       0x20 e:/software/pic32/bin/bin/../../lib/gcc/pic32mx/4.8.3/../../../../pic32mx/lib\libe.a(_fixunsdfdi.o)
 .debug_loc     0x00007394       0x41 e:/software/pic32/bin/bin/../../lib/gcc/pic32mx/4.8.3\libgcc.a(_floatundidf.o)
 .debug_loc     0x000073d5      0xa6a e:/software/pic32/bin/bin/../../lib/gcc/pic32mx/4.8.3\libgcc.a(_udivdi3.o)
 .debug_loc     0x00007e3f      0xa3d e:/software/pic32/bin/bin/../../lib/gcc/pic32mx/4.8.3\libgcc.a(_umoddi3.o)
 .debug_loc     0x0000887c       0x80 e:/software/pic32/bin/bin/../../lib/gcc/pic32mx/4.8.3\libgcc.a(floatunsidf.o)
 .debug_loc     0x000088fc       0x38 e:/software/pic32/bin/bin/../../lib/gcc/pic32mx/4.8.3/../../../../pic32mx/lib\libpic32.a(write.o)
 .debug_loc     0x00008934       0x20 e:/software/pic32/bin/bin/../../lib/gcc/pic32mx/4.8.3/../../../../pic32mx/lib\libpic32.a(_mon_putc.o)

.debug_macinfo
 *(.debug_macinfo)

.debug_weaknames
 *(.debug_weaknames)

.debug_funcnames
 *(.debug_funcnames)

.debug_typenames
 *(.debug_typenames)

.debug_varnames
 *(.debug_varnames)

.debug_pubtypes
 *(.debug_pubtypes)

.debug_ranges   0x00000000      0xa08
 *(.debug_ranges)
 .debug_ranges  0x00000000       0x40 build/default/production/_ext/639803181/sys_clk_pic32mx.o
 .debug_ranges  0x00000040       0x68 build/default/production/_ext/340578644/sys_devcon.o
 .debug_ranges  0x000000a8       0x10 build/default/production/_ext/340578644/sys_devcon_pic32mx.o
 .debug_ranges  0x000000b8      0x138 build/default/production/_ext/822048611/sys_ports_static.o
 .debug_ranges  0x000001f0       0x10 build/default/production/_ext/1688732426/system_init.o
 .debug_ranges  0x00000200       0x10 build/default/production/_ext/1688732426/system_interrupt.o
 .debug_ranges  0x00000210       0x10 build/default/production/_ext/1688732426/system_exceptions.o
 .debug_ranges  0x00000220       0x10 build/default/production/_ext/1688732426/system_tasks.o
 .debug_ranges  0x00000230       0x68 build/default/production/_ext/1360937237/app.o
 .debug_ranges  0x00000298       0x10 build/default/production/_ext/1360937237/main.o
 .debug_ranges  0x000002a8       0x80 build/default/production/_ext/1360937237/ST7735.o
 .debug_ranges  0x00000328       0x40 build/default/production/_ext/1360937237/i2c_master_noint.o
 .debug_ranges  0x00000368       0x50 build/default/production/_ext/1360937237/imc.o
 .debug_ranges  0x000003b8       0x50 build/default/production/_ext/708110637/drv_usbfs.o
 .debug_ranges  0x00000408      0x150 build/default/production/_ext/708110637/drv_usbfs_device.o
 .debug_ranges  0x00000558       0x50 build/default/production/_ext/191266835/sys_int_pic32.o
 .debug_ranges  0x000005a8      0x190 build/default/production/_ext/1756207072/usb_device.o
 .debug_ranges  0x00000738       0x78 build/default/production/_ext/1756207072/usb_device_cdc.o
 .debug_ranges  0x000007b0       0x10 build/default/production/_ext/1756207072/usb_device_cdc_acm.o
 .debug_ranges  0x000007c0       0x10 e:/software/pic32/bin/bin/../../lib/gcc/pic32mx/4.8.3/../../../../pic32mx/lib\libpic32.a(default-bootstrap-exception-handler.o)
 .debug_ranges  0x000007d0       0x10 e:/software/pic32/bin/bin/../../lib/gcc/pic32mx/4.8.3/../../../../pic32mx/lib\libpic32.a(default-on-reset.o)
 .debug_ranges  0x000007e0       0x10 e:/software/pic32/bin/bin/../../lib/gcc/pic32mx/4.8.3/../../../../pic32mx/lib\libpic32.a(default-on-bootstrap.o)
 .debug_ranges  0x000007f0       0x10 e:/software/pic32/bin/bin/../../lib/gcc/pic32mx/4.8.3/../../../../pic32mx/lib\libpic32.a(defaultinterrupt.o)
 .debug_ranges  0x00000800       0x10 e:/software/pic32/bin/bin/../../lib/gcc/pic32mx/4.8.3/../../../../pic32mx/lib\libc.a(sprintf_cdfFnopuxX.eo)
 .debug_ranges  0x00000810       0x18 e:/software/pic32/bin/bin/../../lib/gcc/pic32mx/4.8.3/../../../../pic32mx/lib\libc.a(doprnt_cdfFnopuxX.eo)
 .debug_ranges  0x00000828       0x10 e:/software/pic32/bin/bin/../../lib/gcc/pic32mx/4.8.3/../../../../pic32mx/lib\libc.a(_fputc_simple.o)
 .debug_ranges  0x00000838       0x10 e:/software/pic32/bin/bin/../../lib/gcc/pic32mx/4.8.3/../../../../pic32mx/lib\libc.a(_flsbuf_simple.o)
 .debug_ranges  0x00000848       0x10 e:/software/pic32/bin/bin/../../lib/gcc/pic32mx/4.8.3/../../../../pic32mx/lib\libe.a(_fixunsdfdi.o)
 .debug_ranges  0x00000858       0x10 e:/software/pic32/bin/bin/../../lib/gcc/pic32mx/4.8.3/../../../../pic32mx/lib\libe.a(_orderdf2.o)
 .debug_ranges  0x00000868       0x10 e:/software/pic32/bin/bin/../../lib/gcc/pic32mx/4.8.3/../../../../pic32mx/lib\libe.a(_fixdfdi.o)
 .debug_ranges  0x00000878       0x98 e:/software/pic32/bin/bin/../../lib/gcc/pic32mx/4.8.3\libgcc.a(_udivdi3.o)
 .debug_ranges  0x00000910       0xd8 e:/software/pic32/bin/bin/../../lib/gcc/pic32mx/4.8.3\libgcc.a(_umoddi3.o)
 .debug_ranges  0x000009e8       0x10 e:/software/pic32/bin/bin/../../lib/gcc/pic32mx/4.8.3/../../../../pic32mx/lib\libpic32.a(write.o)
 .debug_ranges  0x000009f8       0x10 e:/software/pic32/bin/bin/../../lib/gcc/pic32mx/4.8.3/../../../../pic32mx/lib\libpic32.a(_mon_putc.o)

.gnu.attributes
                0x00000000       0x10
 *(.gnu.attributes)
 .gnu.attributes
                0x00000000       0x10 build/default/production/_ext/639803181/sys_clk_pic32mx.o
 .gnu.attributes
                0x00000010       0x10 build/default/production/_ext/340578644/sys_devcon.o
 .gnu.attributes
                0x00000020       0x10 build/default/production/_ext/340578644/sys_devcon_pic32mx.o
 .gnu.attributes
                0x00000030       0x10 build/default/production/_ext/822048611/sys_ports_static.o
 .gnu.attributes
                0x00000040       0x10 build/default/production/_ext/1688732426/system_init.o
 .gnu.attributes
                0x00000050       0x10 build/default/production/_ext/1688732426/system_interrupt.o
 .gnu.attributes
                0x00000060       0x10 build/default/production/_ext/1688732426/system_exceptions.o
 .gnu.attributes
                0x00000070       0x10 build/default/production/_ext/1688732426/system_tasks.o
 .gnu.attributes
                0x00000080       0x10 build/default/production/_ext/1360937237/app.o
 .gnu.attributes
                0x00000090       0x10 build/default/production/_ext/1360937237/main.o
 .gnu.attributes
                0x000000a0       0x10 build/default/production/_ext/1360937237/ST7735.o
 .gnu.attributes
                0x000000b0       0x10 build/default/production/_ext/1360937237/i2c_master_noint.o
 .gnu.attributes
                0x000000c0       0x10 build/default/production/_ext/1360937237/imc.o
 .gnu.attributes
                0x000000d0       0x10 build/default/production/_ext/708110637/drv_usbfs.o
 .gnu.attributes
                0x000000e0       0x10 build/default/production/_ext/708110637/drv_usbfs_device.o
 .gnu.attributes
                0x000000f0       0x10 build/default/production/_ext/191266835/sys_int_pic32.o
 .gnu.attributes
                0x00000100       0x10 build/default/production/_ext/1756207072/usb_device.o
 .gnu.attributes
                0x00000110       0x10 build/default/production/_ext/1756207072/usb_device_cdc.o
 .gnu.attributes
                0x00000120       0x10 build/default/production/_ext/1756207072/usb_device_cdc_acm.o
 .gnu.attributes
                0x00000130       0x10 e:/software/pic32/bin/bin/../../lib/gcc/pic32mx/4.8.3/../../../../pic32mx/lib\libpic32.a(default-bootstrap-exception-handler.o)
 .gnu.attributes
                0x00000140       0x10 e:/software/pic32/bin/bin/../../lib/gcc/pic32mx/4.8.3/../../../../pic32mx/lib\libpic32.a(default-on-reset.o)
 .gnu.attributes
                0x00000150       0x10 e:/software/pic32/bin/bin/../../lib/gcc/pic32mx/4.8.3/../../../../pic32mx/lib\libpic32.a(default-on-bootstrap.o)
 .gnu.attributes
                0x00000160       0x10 e:/software/pic32/bin/bin/../../lib/gcc/pic32mx/4.8.3/../../../../pic32mx/lib\libpic32.a(defaultinterrupt.o)
 .gnu.attributes
                0x00000170       0x10 e:/software/pic32/bin/bin/../../lib/gcc/pic32mx/4.8.3/../../../../pic32mx/lib\libc.a(sprintf_cdfFnopuxX.eo)
 .gnu.attributes
                0x00000180       0x10 e:/software/pic32/bin/bin/../../lib/gcc/pic32mx/4.8.3/../../../../pic32mx/lib\libc.a(doprnt_cdfFnopuxX.eo)
 .gnu.attributes
                0x00000190       0x10 e:/software/pic32/bin/bin/../../lib/gcc/pic32mx/4.8.3/../../../../pic32mx/lib\libc.a(_fputc_simple.o)
 .gnu.attributes
                0x000001a0       0x10 e:/software/pic32/bin/bin/../../lib/gcc/pic32mx/4.8.3/../../../../pic32mx/lib\libc.a(ctype.o)
 .gnu.attributes
                0x000001b0       0x10 e:/software/pic32/bin/bin/../../lib/gcc/pic32mx/4.8.3/../../../../pic32mx/lib\libc.a(ldpowers.o)
 .gnu.attributes
                0x000001c0       0x10 e:/software/pic32/bin/bin/../../lib/gcc/pic32mx/4.8.3/../../../../pic32mx/lib\libc.a(_iob.o)
 .gnu.attributes
                0x000001d0       0x10 e:/software/pic32/bin/bin/../../lib/gcc/pic32mx/4.8.3/../../../../pic32mx/lib\libc.a(_flsbuf_simple.o)
 .gnu.attributes
                0x000001e0       0x10 e:/software/pic32/bin/bin/../../lib/gcc/pic32mx/4.8.3/../../../../pic32mx/lib\libe.a(_fixunsdfdi.o)
 .gnu.attributes
                0x000001f0       0x10 e:/software/pic32/bin/bin/../../lib/gcc/pic32mx/4.8.3/../../../../pic32mx/lib\libe.a(_orderdf2.o)
 .gnu.attributes
                0x00000200       0x10 e:/software/pic32/bin/bin/../../lib/gcc/pic32mx/4.8.3/../../../../pic32mx/lib\libe.a(_fixdfdi.o)
 .gnu.attributes
                0x00000210       0x10 e:/software/pic32/bin/bin/../../lib/gcc/pic32mx/4.8.3\libgcc.a(_floatundidf.o)
 .gnu.attributes
                0x00000220       0x10 e:/software/pic32/bin/bin/../../lib/gcc/pic32mx/4.8.3\libgcc.a(_udivdi3.o)
 .gnu.attributes
                0x00000230       0x10 e:/software/pic32/bin/bin/../../lib/gcc/pic32mx/4.8.3\libgcc.a(_umoddi3.o)
 .gnu.attributes
                0x00000240       0x10 e:/software/pic32/bin/bin/../../lib/gcc/pic32mx/4.8.3\libgcc.a(floatunsidf.o)
 .gnu.attributes
                0x00000250       0x10 e:/software/pic32/bin/bin/../../lib/gcc/pic32mx/4.8.3/../../../../pic32mx/lib\libpic32.a(write.o)
 .gnu.attributes
                0x00000260       0x10 e:/software/pic32/bin/bin/../../lib/gcc/pic32mx/4.8.3/../../../../pic32mx/lib\libpic32.a(_mon_putc.o)
 .gnu.attributes
                0x00000270       0x10 e:/software/pic32/bin/bin/../../lib/gcc/pic32mx/4.8.3/../../../../pic32mx/lib\libpic32.a(xc32_uart.o)
LOAD e:/software/pic32/bin/bin/../../lib/gcc/pic32mx/4.8.3\libgcc.a
START GROUP
LOAD e:/software/pic32/bin/bin/../../lib/gcc/pic32mx/4.8.3/../../../../pic32mx/lib\libpic32.a
LOAD e:/software/pic32/bin/bin/../../lib/gcc/pic32mx/4.8.3/../../../../pic32mx/lib\libdebug.a
LOAD e:/software/pic32/bin/bin/../../lib/gcc/pic32mx/4.8.3/../../../../pic32mx/lib\libpic32.a
LOAD e:/software/pic32/bin/bin/../../lib/gcc/pic32mx/4.8.3/../../../../pic32mx/lib\libc.a
LOAD e:/software/pic32/bin/bin/../../lib/gcc/pic32mx/4.8.3/../../../../pic32mx/lib\libc.a
LOAD e:/software/pic32/bin/bin/../../lib/gcc/pic32mx/4.8.3/../../../../pic32mx/lib\libm.a
LOAD e:/software/pic32/bin/bin/../../lib/gcc/pic32mx/4.8.3/../../../../pic32mx/lib\libe.a
LOAD e:/software/pic32/bin/bin/../../lib/gcc/pic32mx/4.8.3/../../../../pic32mx/lib\libdsp.a
LOAD e:/software/pic32/bin/bin/../../lib/gcc/pic32mx/4.8.3\libgcc.a
LOAD e:/software/pic32/bin/bin/../../lib/gcc/pic32mx/4.8.3/../../../../pic32mx/lib\libpic32.a
END GROUP
LOAD e:/software/pic32/bin/bin/../../lib/gcc/pic32mx/4.8.3\libgcc.a
OUTPUT(dist/default/production/HW10.X.production.elf elf32-tradlittlemips)
LOAD stack
LOAD data_init

.reginfo        0x00000000       0x18
 .reginfo       0x00000000       0x18 e:/software/pic32/bin/bin/../../lib/gcc/pic32mx/4.8.3/../../../../pic32mx/lib/./proc/32MX250F128B/crt0_mips32r2.o

.stack          0xa00004b0      0x400
 .stack         0xa00004b0      0x400 stack

.bss            0xa0000054       0xbc
 .bss           0xa0000054       0xbc build/default/production/_ext/1756207072/usb_device.o

.data           0xa0000110       0x50
 .data          0xa0000110       0x50 build/default/production/_ext/708110637/drv_usbfs_device.o
                0xa0000110                gDrvUSBFSDeviceInterface

.bss            0xa0000160       0x44
 .bss           0xa0000160       0x44 e:/software/pic32/bin/bin/../../lib/gcc/pic32mx/4.8.3/../../../../pic32mx/lib\libc.a(_iob.o)
                0xa0000160                _sobuf
                0xa0000180                _sibuf
                0xa00001a0                _outdone

.data           0xa00001a4       0x28
 .data          0xa00001a4       0x28 build/default/production/_ext/1360937237/app.o
                0xa00001a4                FIR_COEF

.bss            0xa00001cc       0x28
 .bss           0xa00001cc       0x28 build/default/production/_ext/1360937237/app.o
                0xa00001cc                data_buffer

._debug_exception
                0xbfc00480       0x2c
 ._debug_exception
                0xbfc00480       0x2c e:/software/pic32/bin/bin/../../lib/gcc/pic32mx/4.8.3/../../../../pic32mx/lib\debug-exception-return.o
                0xbfc00480                __DbgExecReturn

.text._vfprintf_cdfFnopuxX
                0x9d000000     0x1554
 .text._vfprintf_cdfFnopuxX
                0x9d000000     0x1554 e:/software/pic32/bin/bin/../../lib/gcc/pic32mx/4.8.3/../../../../pic32mx/lib\libc.a(doprnt_cdfFnopuxX.eo)
                0x9d000000                _vfprintf_cdfFnopuxX

.text._DRV_USBFS_DEVICE_Tasks_ISR
                0x9d001554      0x680
 .text._DRV_USBFS_DEVICE_Tasks_ISR
                0x9d001554      0x680 build/default/production/_ext/708110637/drv_usbfs_device.o
                0x9d001554                _DRV_USBFS_DEVICE_Tasks_ISR

.text.APP_Tasks
                0x9d001bd4      0x660
 .text.APP_Tasks
                0x9d001bd4      0x660 build/default/production/_ext/1360937237/app.o
                0x9d001bd4                APP_Tasks

.text.LCD_init  0x9d002234      0x4e4
 .text.LCD_init
                0x9d002234      0x4e4 build/default/production/_ext/1360937237/ST7735.o
                0x9d002234                LCD_init

.text.dp32mul   0x9d002718      0x4b8
 .text.dp32mul  0x9d002718      0x4b8 e:/software/pic32/bin/bin/../../lib/gcc/pic32mx/4.8.3/../../../../pic32mx/lib\libm.a(dp32div.o)
                0x9d002718                __divdf3
                0x9d002718                dpdiv

.text           0x9d002bd0      0x8bc
 .text          0x9d002bd0      0x464 e:/software/pic32/bin/bin/../../lib/gcc/pic32mx/4.8.3\libgcc.a(_umoddi3.o)
                0x9d002bd0                __umoddi3
 .text          0x9d003034      0x458 e:/software/pic32/bin/bin/../../lib/gcc/pic32mx/4.8.3\libgcc.a(_udivdi3.o)
                0x9d003034                __udivdi3

.text.dp32subadd
                0x9d00348c      0x430
 .text.dp32subadd
                0x9d00348c      0x430 e:/software/pic32/bin/bin/../../lib/gcc/pic32mx/4.8.3/../../../../pic32mx/lib\libm.a(dp32subadd.o)
                0x9d00348c                __subdf3
                0x9d00348c                dpsub
                0x9d003494                dpadd
                0x9d003494                __adddf3

.text.dp32mul   0x9d0038bc      0x32c
 .text.dp32mul  0x9d0038bc      0x32c e:/software/pic32/bin/bin/../../lib/gcc/pic32mx/4.8.3/../../../../pic32mx/lib\libm.a(dp32mul.o)
                0x9d0038bc                __muldf3
                0x9d0038bc                dpmul

.text.fpsubadd  0x9d003be8      0x278
 .text.fpsubadd
                0x9d003be8      0x278 e:/software/pic32/bin/bin/../../lib/gcc/pic32mx/4.8.3/../../../../pic32mx/lib\libm.a(fp32subadd.o)
                0x9d003be8                fpsub
                0x9d003be8                __subsf3
                0x9d003bf0                __addsf3
                0x9d003bf0                fpadd

.text.LCD_drawDynamicBarY
                0x9d003e60      0x240
 .text.LCD_drawDynamicBarY
                0x9d003e60      0x240 build/default/production/_ext/1360937237/ST7735.o
                0x9d003e60                LCD_drawDynamicBarY

.text.LCD_drawDynamicBarX
                0x9d0040a0      0x23c
 .text.LCD_drawDynamicBarX
                0x9d0040a0      0x23c build/default/production/_ext/1360937237/ST7735.o
                0x9d0040a0                LCD_drawDynamicBarX

.text.scale     0x9d0042dc      0x23c
 .text.scale    0x9d0042dc      0x23c e:/software/pic32/bin/bin/../../lib/gcc/pic32mx/4.8.3/../../../../pic32mx/lib\libc.a(doprnt_cdfFnopuxX.eo)

.text.fp32div   0x9d004518      0x230
 .text.fp32div  0x9d004518      0x230 e:/software/pic32/bin/bin/../../lib/gcc/pic32mx/4.8.3/../../../../pic32mx/lib\libm.a(fp32div.o)
                0x9d004518                fpdiv
                0x9d004518                __divsf3

.text.DRV_USBFS_DEVICE_IRPSubmit
                0x9d004748      0x22c
 .text.DRV_USBFS_DEVICE_IRPSubmit
                0x9d004748      0x22c build/default/production/_ext/708110637/drv_usbfs_device.o
                0x9d004748                DRV_USBFS_DEVICE_IRPSubmit

.text._USB_DEVICE_EventHandler
                0x9d004974      0x218
 .text._USB_DEVICE_EventHandler
                0x9d004974      0x218 build/default/production/_ext/1756207072/usb_device.o
                0x9d004974                _USB_DEVICE_EventHandler

.text._USB_DEVICE_ProcessStandardDeviceSetRequests
                0x9d004b8c      0x214
 .text._USB_DEVICE_ProcessStandardDeviceSetRequests
                0x9d004b8c      0x214 build/default/production/_ext/1756207072/usb_device.o
                0x9d004b8c                _USB_DEVICE_ProcessStandardDeviceSetRequests

.text._USB_DEVICE_ProcessStandardDeviceGetRequests
                0x9d004da0      0x20c
 .text._USB_DEVICE_ProcessStandardDeviceGetRequests
                0x9d004da0      0x20c build/default/production/_ext/1756207072/usb_device.o
                0x9d004da0                _USB_DEVICE_ProcessStandardDeviceGetRequests

.text._USB_DEVICE_ControlTransferHandler
                0x9d004fac      0x1fc
 .text._USB_DEVICE_ControlTransferHandler
                0x9d004fac      0x1fc build/default/production/_ext/1756207072/usb_device.o
                0x9d004fac                _USB_DEVICE_ControlTransferHandler

.rodata         0x9d0051a8      0x1e4
 .rodata        0x9d0051a8      0x1e4 build/default/production/_ext/1360937237/ST7735.o

.text.USB_DEVICE_CDC_Write
                0x9d00538c      0x1cc
 .text.USB_DEVICE_CDC_Write
                0x9d00538c      0x1cc build/default/production/_ext/1756207072/usb_device_cdc.o
                0x9d00538c                USB_DEVICE_CDC_Write

.text.DRV_USBFS_DEVICE_EndpointStallClear
                0x9d005558      0x1c8
 .text.DRV_USBFS_DEVICE_EndpointStallClear
                0x9d005558      0x1c8 build/default/production/_ext/708110637/drv_usbfs_device.o
                0x9d005558                DRV_USBFS_DEVICE_EndpointStallClear

.text.fp32mul   0x9d005720      0x1bc
 .text.fp32mul  0x9d005720      0x1bc e:/software/pic32/bin/bin/../../lib/gcc/pic32mx/4.8.3/../../../../pic32mx/lib\libm.a(fp32mul.o)
                0x9d005720                fpmul
                0x9d005720                __mulsf3

.text.DRV_USBFS_DEVICE_EndpointStall
                0x9d0058dc      0x1b8
 .text.DRV_USBFS_DEVICE_EndpointStall
                0x9d0058dc      0x1b8 build/default/production/_ext/708110637/drv_usbfs_device.o
                0x9d0058dc                DRV_USBFS_DEVICE_EndpointStall

.text.USB_DEVICE_CDC_Read
                0x9d005a94      0x1ac
 .text.USB_DEVICE_CDC_Read
                0x9d005a94      0x1ac build/default/production/_ext/1756207072/usb_device_cdc.o
                0x9d005a94                USB_DEVICE_CDC_Read

.text.DRV_USBFS_DEVICE_EndpointEnable
                0x9d005c40      0x198
 .text.DRV_USBFS_DEVICE_EndpointEnable
                0x9d005c40      0x198 build/default/production/_ext/708110637/drv_usbfs_device.o
                0x9d005c40                DRV_USBFS_DEVICE_EndpointEnable

.text._USB_DEVICE_Ep0ReceiveCompleteCallback
                0x9d005dd8      0x184
 .text._USB_DEVICE_Ep0ReceiveCompleteCallback
                0x9d005dd8      0x184 build/default/production/_ext/1756207072/usb_device.o